Component: ARM Compiler 5.06 update 6 (build 750) Tool: armlink [4d35ed]

==============================================================================

Section Cross References

    startup_stm32f10x_hd.o(RESET) refers to startup_stm32f10x_hd.o(STACK) for __initial_sp
    startup_stm32f10x_hd.o(RESET) refers to startup_stm32f10x_hd.o(.text) for Reset_Handler
    startup_stm32f10x_hd.o(RESET) refers to stm32f10x_it.o(i.NMI_Handler) for NMI_Handler
    startup_stm32f10x_hd.o(RESET) refers to stm32f10x_it.o(i.HardFault_Handler) for HardFault_Handler
    startup_stm32f10x_hd.o(RESET) refers to stm32f10x_it.o(i.MemManage_Handler) for MemManage_Handler
    startup_stm32f10x_hd.o(RESET) refers to stm32f10x_it.o(i.BusFault_Handler) for BusFault_Handler
    startup_stm32f10x_hd.o(RESET) refers to stm32f10x_it.o(i.UsageFault_Handler) for UsageFault_Handler
    startup_stm32f10x_hd.o(RESET) refers to stm32f10x_it.o(i.SVC_Handler) for SVC_Handler
    startup_stm32f10x_hd.o(RESET) refers to stm32f10x_it.o(i.DebugMon_Handler) for DebugMon_Handler
    startup_stm32f10x_hd.o(RESET) refers to stm32f10x_it.o(i.PendSV_Handler) for PendSV_Handler
    startup_stm32f10x_hd.o(RESET) refers to delay.o(i.SysTick_Handler) for SysTick_Handler
    startup_stm32f10x_hd.o(RESET) refers to usart1.o(i.USART1_IRQHandler) for USART1_IRQHandler
    startup_stm32f10x_hd.o(RESET) refers to esp8266.o(i.USART3_IRQHandler) for USART3_IRQHandler
    startup_stm32f10x_hd.o(.text) refers to system_stm32f10x.o(i.SystemInit) for SystemInit
    startup_stm32f10x_hd.o(.text) refers to entry.o(.ARM.Collect$$$$00000000) for __main
    main.o(i.main) refers to led.o(i.Led_Config) for Led_Config
    main.o(i.main) refers to key.o(i.Key_Config) for Key_Config
    main.o(i.main) refers to usart1.o(i.Usart_Config) for Usart_Config
    main.o(i.main) refers to my1680.o(i.MY1680_Init) for MY1680_Init
    main.o(i.main) refers to my1680.o(i.PlayMP3_42) for PlayMP3_42
    main.o(i.main) refers to bsp_lcd.o(i.TFTLCD_Init) for TFTLCD_Init
    main.o(i.main) refers to bsp_lcd.o(i.LCD_Fill) for LCD_Fill
    main.o(i.main) refers to bsp_lcd.o(i.LCD_ShowPicture) for LCD_ShowPicture
    main.o(i.main) refers to bsp_lcd.o(i.LCD_ShowStringAndHz) for LCD_ShowStringAndHz
    main.o(i.main) refers to esp8266.o(i.WIFI_Iinit) for WIFI_Iinit
    main.o(i.main) refers to esp8266.o(i.Connect_Server) for Connect_Server
    main.o(i.main) refers to key.o(i.Get_Key) for Get_Key
    main.o(i.main) refers to my1680.o(i.PlayMP3_Weather1) for PlayMP3_Weather1
    main.o(i.main) refers to my1680.o(i.PlayMP3_Weather2) for PlayMP3_Weather2
    main.o(i.main) refers to my1680.o(i.PlayMP3_Weather3) for PlayMP3_Weather3
    main.o(i.main) refers to delay.o(i.showInfor) for showInfor
    main.o(i.main) refers to main.o(.constdata) for gImage_bg
    main.o(i.main) refers to delay.o(.data) for KeyTime
    system_stm32f10x.o(i.SetSysClock) refers to system_stm32f10x.o(i.SetSysClockTo72) for SetSysClockTo72
    system_stm32f10x.o(i.SystemCoreClockUpdate) refers to system_stm32f10x.o(.data) for SystemCoreClock
    system_stm32f10x.o(i.SystemInit) refers to system_stm32f10x.o(i.SetSysClock) for SetSysClock
    stm32f10x_adc.o(i.ADC_DeInit) refers to stm32f10x_rcc.o(i.RCC_APB2PeriphResetCmd) for RCC_APB2PeriphResetCmd
    stm32f10x_bkp.o(i.BKP_DeInit) refers to stm32f10x_rcc.o(i.RCC_BackupResetCmd) for RCC_BackupResetCmd
    stm32f10x_can.o(i.CAN_DeInit) refers to stm32f10x_rcc.o(i.RCC_APB1PeriphResetCmd) for RCC_APB1PeriphResetCmd
    stm32f10x_can.o(i.CAN_GetITStatus) refers to stm32f10x_can.o(i.CheckITStatus) for CheckITStatus
    stm32f10x_cec.o(i.CEC_DeInit) refers to stm32f10x_rcc.o(i.RCC_APB1PeriphResetCmd) for RCC_APB1PeriphResetCmd
    stm32f10x_dac.o(i.DAC_DeInit) refers to stm32f10x_rcc.o(i.RCC_APB1PeriphResetCmd) for RCC_APB1PeriphResetCmd
    stm32f10x_flash.o(i.FLASH_EnableWriteProtection) refers to stm32f10x_flash.o(i.FLASH_WaitForLastOperation) for FLASH_WaitForLastOperation
    stm32f10x_flash.o(i.FLASH_EraseAllBank1Pages) refers to stm32f10x_flash.o(i.FLASH_WaitForLastBank1Operation) for FLASH_WaitForLastBank1Operation
    stm32f10x_flash.o(i.FLASH_EraseAllPages) refers to stm32f10x_flash.o(i.FLASH_WaitForLastOperation) for FLASH_WaitForLastOperation
    stm32f10x_flash.o(i.FLASH_EraseOptionBytes) refers to stm32f10x_flash.o(i.FLASH_GetReadOutProtectionStatus) for FLASH_GetReadOutProtectionStatus
    stm32f10x_flash.o(i.FLASH_EraseOptionBytes) refers to stm32f10x_flash.o(i.FLASH_WaitForLastOperation) for FLASH_WaitForLastOperation
    stm32f10x_flash.o(i.FLASH_ErasePage) refers to stm32f10x_flash.o(i.FLASH_WaitForLastOperation) for FLASH_WaitForLastOperation
    stm32f10x_flash.o(i.FLASH_ProgramHalfWord) refers to stm32f10x_flash.o(i.FLASH_WaitForLastOperation) for FLASH_WaitForLastOperation
    stm32f10x_flash.o(i.FLASH_ProgramOptionByteData) refers to stm32f10x_flash.o(i.FLASH_WaitForLastOperation) for FLASH_WaitForLastOperation
[...]
    ..\STM32F10x_StdPeriph_Driver\src\stm32f10x_flash.c 0x00000000   Number         0  stm32f10x_flash.o ABSOLUTE
    ..\STM32F10x_StdPeriph_Driver\src\stm32f10x_fsmc.c 0x00000000   Number         0  stm32f10x_fsmc.o ABSOLUTE
    ..\STM32F10x_StdPeriph_Driver\src\stm32f10x_gpio.c 0x00000000   Number         0  stm32f10x_gpio.o ABSOLUTE
    ..\STM32F10x_StdPeriph_Driver\src\stm32f10x_i2c.c 0x00000000   Number         0  stm32f10x_i2c.o ABSOLUTE
    ..\STM32F10x_StdPeriph_Driver\src\stm32f10x_iwdg.c 0x00000000   Number         0  stm32f10x_iwdg.o ABSOLUTE
    ..\STM32F10x_StdPeriph_Driver\src\stm32f10x_pwr.c 0x00000000   Number         0  stm32f10x_pwr.o ABSOLUTE
    ..\STM32F10x_StdPeriph_Driver\src\stm32f10x_rcc.c 0x00000000   Number         0  stm32f10x_rcc.o ABSOLUTE
    ..\STM32F10x_StdPeriph_Driver\src\stm32f10x_rtc.c 0x00000000   Number         0  stm32f10x_rtc.o ABSOLUTE
    ..\STM32F10x_StdPeriph_Driver\src\stm32f10x_sdio.c 0x00000000   Number         0  stm32f10x_sdio.o ABSOLUTE
    ..\STM32F10x_StdPeriph_Driver\src\stm32f10x_spi.c 0x00000000   Number         0  stm32f10x_spi.o ABSOLUTE
    ..\STM32F10x_StdPeriph_Driver\src\stm32f10x_tim.c 0x00000000   Number         0  stm32f10x_tim.o ABSOLUTE
    ..\STM32F10x_StdPeriph_Driver\src\stm32f10x_usart.c 0x00000000   Number         0  stm32f10x_usart.o ABSOLUTE
    ..\STM32F10x_StdPeriph_Driver\src\stm32f10x_wwdg.c 0x00000000   Number         0  stm32f10x_wwdg.o ABSOLUTE
    ..\\STM32F10x_StdPeriph_Driver\\src\\misc.c 0x00000000   Number         0  misc.o ABSOLUTE
    ..\\STM32F10x_StdPeriph_Driver\\src\\stm32f10x_adc.c 0x00000000   Number         0  stm32f10x_adc.o ABSOLUTE
    ..\\STM32F10x_StdPeriph_Driver\\src\\stm32f10x_bkp.c 0x00000000   Number         0  stm32f10x_bkp.o ABSOLUTE
    ..\\STM32F10x_StdPeriph_Driver\\src\\stm32f10x_can.c 0x00000000   Number         0  stm32f10x_can.o ABSOLUTE
    ..\\STM32F10x_StdPeriph_Driver\\src\\stm32f10x_cec.c 0x00000000   Number         0  stm32f10x_cec.o ABSOLUTE
    ..\\STM32F10x_StdPeriph_Driver\\src\\stm32f10x_crc.c 0x00000000   Number         0  stm32f10x_crc.o ABSOLUTE
    ..\\STM32F10x_StdPeriph_Driver\\src\\stm32f10x_dac.c 0x00000000   Number         0  stm32f10x_dac.o ABSOLUTE
    ..\\STM32F10x_StdPeriph_Driver\\src\\stm32f10x_dbgmcu.c 0x00000000   Number         0  stm32f10x_dbgmcu.o ABSOLUTE
    ..\\STM32F10x_StdPeriph_Driver\\src\\stm32f10x_dma.c 0x00000000   Number         0  stm32f10x_dma.o ABSOLUTE
    ..\\STM32F10x_StdPeriph_Driver\\src\\stm32f10x_exti.c 0x00000000   Number         0  stm32f10x_exti.o ABSOLUTE
    ..\\STM32F10x_StdPeriph_Driver\\src\\stm32f10x_flash.c 0x00000000   Number         0  stm32f10x_flash.o ABSOLUTE
    ..\\STM32F10x_StdPeriph_Driver\\src\\stm32f10x_fsmc.c 0x00000000   Number         0  stm32f10x_fsmc.o ABSOLUTE
    ..\\STM32F10x_StdPeriph_Driver\\src\\stm32f10x_gpio.c 0x00000000   Number         0  stm32f10x_gpio.o ABSOLUTE
    ..\\STM32F10x_StdPeriph_Driver\\src\\stm32f10x_i2c.c 0x00000000   Number         0  stm32f10x_i2c.o ABSOLUTE
    ..\\STM32F10x_StdPeriph_Driver\\src\\stm32f10x_iwdg.c 0x00000000   Number         0  stm32f10x_iwdg.o ABSOLUTE
    ..\\STM32F10x_StdPeriph_Driver\\src\\stm32f10x_pwr.c 0x00000000   Number         0  stm32f10x_pwr.o ABSOLUTE
    ..\\STM32F10x_StdPeriph_Driver\\src\\stm32f10x_rcc.c 0x00000000   Number         0  stm32f10x_rcc.o ABSOLUTE
    ..\\STM32F10x_StdPeriph_Driver\\src\\stm32f10x_rtc.c 0x00000000   Number         0  stm32f10x_rtc.o ABSOLUTE
    ..\\STM32F10x_StdPeriph_Driver\\src\\stm32f10x_sdio.c 0x00000000   Number         0  stm32f10x_sdio.o ABSOLUTE
    ..\\STM32F10x_StdPeriph_Driver\\src\\stm32f10x_spi.c 0x00000000   Number         0  stm32f10x_spi.o ABSOLUTE
    ..\\STM32F10x_StdPeriph_Driver\\src\\stm32f10x_tim.c 0x00000000   Number         0  stm32f10x_tim.o ABSOLUTE
    ..\\STM32F10x_StdPeriph_Driver\\src\\stm32f10x_usart.c 0x00000000   Number         0  stm32f10x_usart.o ABSOLUTE
    ..\\STM32F10x_StdPeriph_Driver\\src\\stm32f10x_wwdg.c 0x00000000   Number         0  stm32f10x_wwdg.o ABSOLUTE
    ..\\user\\api\\adc.c                     0x00000000   Number         0  adc.o ABSOLUTE
    ..\\user\\api\\delay.c                   0x00000000   Number         0  delay.o ABSOLUTE
    ..\\user\\api\\dht11.c                   0x00000000   Number         0  dht11.o ABSOLUTE
    ..\\user\\api\\esp8266.c                 0x00000000   Number         0  esp8266.o ABSOLUTE
    ..\\user\\api\\key.c                     0x00000000   Number         0  key.o ABSOLUTE
    ..\\user\\api\\lcd\\bsp_lcd.c            0x00000000   Number         0  bsp_lcd.o ABSOLUTE
    ..\\user\\api\\led.c                     0x00000000   Number         0  led.o ABSOLUTE
    ..\\user\\api\\my1680.c                  0x00000000   Number         0  my1680.o ABSOLUTE
    ..\\user\\api\\usart1.c                  0x00000000   Number         0  usart1.o ABSOLUTE
    ..\\user\\main.c                         0x00000000   Number         0  main.o ABSOLUTE
    ..\\user\\stm32f10x_it.c                 0x00000000   Number         0  stm32f10x_it.o ABSOLUTE
    ..\\user\\system_stm32f10x.c             0x00000000   Number         0  system_stm32f10x.o ABSOLUTE
    ..\startup\startup_stm32f10x_hd.s        0x00000000   Number         0  startup_stm32f10x_hd.o ABSOLUTE
    ..\user\api\adc.c                        0x00000000   Number         0  adc.o ABSOLUTE
    ..\user\api\cJSON.c                      0x00000000   Number         0  cjson.o ABSOLUTE
    ..\user\api\delay.c                      0x00000000   Number         0  delay.o ABSOLUTE
    ..\user\api\dht11.c                      0x00000000   Number         0  dht11.o ABSOLUTE
    ..\user\api\esp8266.c                    0x00000000   Number         0  esp8266.o ABSOLUTE
    ..\user\api\key.c                        0x00000000   Number         0  key.o ABSOLUTE
    ..\user\api\lcd\bsp_lcd.c                0x00000000   Number         0  bsp_lcd.o ABSOLUTE
    ..\user\api\led.c                        0x00000000   Number         0  led.o ABSOLUTE
    ..\user\api\my1680.c                     0x00000000   Number         0  my1680.o ABSOLUTE
    ..\user\api\usart1.c                     0x00000000   Number         0  usart1.o ABSOLUTE
    ..\user\main.c                           0x00000000   Number         0  main.o ABSOLUTE
    ..\user\stm32f10x_it.c                   0x00000000   Number         0  stm32f10x_it.o ABSOLUTE
    ..\user\system_stm32f10x.c               0x00000000   Number         0  system_stm32f10x.o ABSOLUTE
    cdcmple.s                                0x00000000   Number         0  cdcmple.o ABSOLUTE
    cdrcmple.s                               0x00000000   Number         0  cdrcmple.o ABSOLUTE
    dc.s                                     0x00000000   Number         0  dc.o ABSOLUTE
    handlers.s                               0x00000000   Number         0  handlers.o ABSOLUTE
    init.s                                   0x00000000   Number         0  init.o ABSOLUTE
    RESET                                    0x08000000   Section      304  startup_stm32f10x_hd.o(RESET)
    .ARM.Collect$$$$00000000                 0x08000130   Section        0  entry.o(.ARM.Collect$$$$00000000)
    .ARM.Collect$$$$00000001                 0x08000130   Section        4  entry2.o(.ARM.Collect$$$$00000001)
    .ARM.Collect$$$$00000004                 0x08000134   Section        4  entry5.o(.ARM.Collect$$$$00000004)
    .ARM.Collect$$$$00000008                 0x08000138   Section        0  entry7b.o(.ARM.Collect$$$$00000008)
    .ARM.Collect$$$$0000000A                 0x08000138   Section        0  entry8b.o(.ARM.Collect$$$$0000000A)
    .ARM.Collect$$$$0000000B                 0x08000138   Section        8  entry9a.o(.ARM.Collect$$$$0000000B)
    .ARM.Collect$$$$0000000D                 0x08000140   Section        0  entry10a.o(.ARM.Collect$$$$0000000D)
    .ARM.Collect$$$$0000000F                 0x08000140   Section        0  entry11a.o(.ARM.Collect$$$$0000000F)
    .ARM.Collect$$$$00002712                 0x08000140   Section        4  entry2.o(.ARM.Collect$$$$00002712)
    __lit__00000000                          0x08000140   Data           4  entry2.o(.ARM.Collect$$$$00002712)
    .text                                    0x08000144   Section       36  startup_stm32f10x_hd.o(.text)
    .text                                    0x08000168   Section        0  tolower.o(.text)
    .text                                    0x08000174   Section        0  memcpya.o(.text)
    .text                                    0x08000198   Section        0  memseta.o(.text)
    .text                                    0x080001bc   Section        0  strstr.o(.text)
    .text                                    0x080001e0   Section        0  strlen.o(.text)
    .text                                    0x080001ee   Section        0  strcmp.o(.text)
    .text                                    0x0800020a   Section        0  strcpy.o(.text)
    .text                                    0x0800021c   Section        0  strncmp.o(.text)
    .text                                    0x0800023c   Section        0  scanf_fp.o(.text)
    _fp_value                                0x0800023d   Thumb Code   296  scanf_fp.o(.text)
    .text                                    0x0800059c   Section        0  atoi.o(.text)
    .text                                    0x080005b6   Section        0  dadd.o(.text)
    .text                                    0x08000704   Section        0  dmul.o(.text)
    .text                                    0x080007e8   Section        0  ddiv.o(.text)
    .text                                    0x080008c6   Section        0  dfltui.o(.text)
    .text                                    0x080008e0   Section        0  dfixi.o(.text)
    .text                                    0x0800091e   Section        0  dfixui.o(.text)
    .text                                    0x08000950   Section        0  f2d.o(.text)
    .text                                    0x08000978   Section       48  cdcmple.o(.text)
    .text                                    0x080009a8   Section       48  cdrcmple.o(.text)
    .text                                    0x080009d8   Section        0  d2f.o(.text)
    .text                                    0x08000a10   Section        0  uidiv.o(.text)
    .text                                    0x08000a3c   Section        0  uldiv.o(.text)
    .text                                    0x08000a9e   Section        0  llshl.o(.text)
    .text                                    0x08000abc   Section        0  llushr.o(.text)
    .text                                    0x08000adc   Section        0  llsshr.o(.text)
    .text                                    0x08000b00   Section        0  _sgetc.o(.text)
    .text                                    0x08000b40   Section        0  strtod.o(.text)
    _local_sscanf                            0x08000b41   Thumb Code    54  strtod.o(.text)
    .text                                    0x08000bdc   Section        0  strtol.o(.text)
    .text                                    0x08000c4c   Section        0  fepilogue.o(.text)
    .text                                    0x08000c4c   Section        0  iusefp.o(.text)
    .text                                    0x08000cba   Section        0  depilogue.o(.text)
    .text                                    0x08000d74   Section        0  dfltul.o(.text)
    .text                                    0x08000d8c   Section        0  dfixul.o(.text)
    .text                                    0x08000dbc   Section       36  init.o(.text)
    .text                                    0x08000de0   Section        0  ctype_o.o(.text)
    .text                                    0x08000de8   Section        0  isspace_o.o(.text)
    .text                                    0x08000dfa   Section        0  _strtoul.o(.text)
    .text                                    0x08000e98   Section        0  _chval.o(.text)
    i.ADC_Cmd                                0x08000eb4   Section        0  stm32f10x_adc.o(i.ADC_Cmd)
    i.ADC_Config                             0x08000ecc   Section        0  adc.o(i.ADC_Config)
    i.ADC_GetCalibrationStatus               0x08000f6c   Section        0  stm32f10x_adc.o(i.ADC_GetCalibrationStatus)
    i.ADC_GetConversionValue                 0x08000f80   Section        0  stm32f10x_adc.o(i.ADC_GetConversionValue)
    i.ADC_GetFlagStatus                      0x08000f88   Section        0  stm32f10x_adc.o(i.ADC_GetFlagStatus)
    i.ADC_GetResetCalibrationStatus          0x08000f9a   Section        0  stm32f10x_adc.o(i.ADC_GetResetCalibrationStatus)
    i.ADC_Init                               0x08000fb0   Section        0  stm32f10x_adc.o(i.ADC_Init)
    i.ADC_RegularChannelConfig               0x08001000   Section        0  stm32f10x_adc.o(i.ADC_RegularChannelConfig)
    i.ADC_ResetCalibration                   0x080010b8   Section        0  stm32f10x_adc.o(i.ADC_ResetCalibration)
    i.ADC_SoftwareStartConvCmd               0x080010c2   Section        0  stm32f10x_adc.o(i.ADC_SoftwareStartConvCmd)
    i.ADC_StartCalibration                   0x080010d8   Section        0  stm32f10x_adc.o(i.ADC_StartCalibration)
    i.BusFault_Handler                       0x080010e2   Section        0  stm32f10x_it.o(i.BusFault_Handler)
    i.Connect_AP                             0x080010e8   Section        0  esp8266.o(i.Connect_AP)
    i.Connect_Server                         0x08001228   Section        0  esp8266.o(i.Connect_Server)
    i.DebugMon_Handler                       0x08001c70   Section        0  stm32f10x_it.o(i.DebugMon_Handler)
    i.Delay_ms                               0x08001c72   Section        0  delay.o(i.Delay_ms)
    i.Delay_us                               0x08001d26   Section        0  delay.o(i.Delay_us)
    i.Dht_Config                             0x08001dc4   Section        0  dht11.o(i.Dht_Config)
    i.ESP8266_SendCmd_RecAck                 0x08001e00   Section        0  esp8266.o(i.ESP8266_SendCmd_RecAck)
    i.Exit_Scotch                            0x08001e68   Section        0  esp8266.o(i.Exit_Scotch)
    i.FSMC_NORSRAMCmd                        0x08001e80   Section        0  stm32f10x_fsmc.o(i.FSMC_NORSRAMCmd)
    i.FSMC_NORSRAMInit                       0x08001eb4   Section        0  stm32f10x_fsmc.o(i.FSMC_NORSRAMInit)
    i.FindStr                                0x08001f9a   Section        0  esp8266.o(i.FindStr)
    i.GET_DHT11DATA                          0x08001fc8   Section        0  dht11.o(i.GET_DHT11DATA)
    i.GPIO_Init                              0x080022a0   Section        0  stm32f10x_gpio.o(i.GPIO_Init)
    i.GPIO_ReadInputDataBit                  0x080023b6   Section        0  stm32f10x_gpio.o(i.GPIO_ReadInputDataBit)
    i.GPIO_ResetBits                         0x080023c8   Section        0  stm32f10x_gpio.o(i.GPIO_ResetBits)
    i.GPIO_SetBits                           0x080023cc   Section        0  stm32f10x_gpio.o(i.GPIO_SetBits)
    i.Get_Key                                0x080023d0   Section        0  key.o(i.Get_Key)
    i.Get_LightValue                         0x080024c0   Section        0  adc.o(i.Get_LightValue)
    i.Get_SmokeValue                         0x0800254c   Section        0  adc.o(i.Get_SmokeValue)
    i.HardFault_Handler                      0x080025d8   Section        0  stm32f10x_it.o(i.HardFault_Handler)
    i.Key_Config                             0x080025dc   Section        0  key.o(i.Key_Config)
    i.LCD_Clear                              0x0800261c   Section        0  bsp_lcd.o(i.LCD_Clear)
    i.LCD_Display_Dir                        0x08002688   Section        0  bsp_lcd.o(i.LCD_Display_Dir)
    i.LCD_Fast_DrawPoint                     0x0800287c   Section        0  bsp_lcd.o(i.LCD_Fast_DrawPoint)
    i.LCD_Fill                               0x0800289c   Section        0  bsp_lcd.o(i.LCD_Fill)
    i.LCD_RD_DATA                            0x080028d4   Section        0  bsp_lcd.o(i.LCD_RD_DATA)
    i.LCD_ReadReg                            0x080028e8   Section        0  bsp_lcd.o(i.LCD_ReadReg)
    i.LCD_SSD_BackLightSet                   0x08002900   Section        0  bsp_lcd.o(i.LCD_SSD_BackLightSet)
    i.LCD_Scan_Dir                           0x08002954   Section        0  bsp_lcd.o(i.LCD_Scan_Dir)
    i.LCD_SetCursor                          0x08002c4c   Section        0  bsp_lcd.o(i.LCD_SetCursor)
    i.LCD_ShowChar                           0x08002e5c   Section        0  bsp_lcd.o(i.LCD_ShowChar)
    i.LCD_ShowPicture                        0x08002f7c   Section        0  bsp_lcd.o(i.LCD_ShowPicture)
    i.LCD_ShowStringAndHz                    0x08002fe4   Section        0  bsp_lcd.o(i.LCD_ShowStringAndHz)
    i.LCD_WR_DATA                            0x080032fc   Section        0  bsp_lcd.o(i.LCD_WR_DATA)
    i.LCD_WR_REG                             0x08003314   Section        0  bsp_lcd.o(i.LCD_WR_REG)
    i.LCD_WriteRAM_Prepare                   0x0800332c   Section        0  bsp_lcd.o(i.LCD_WriteRAM_Prepare)
    i.LCD_WriteReg                           0x08003340   Section        0  bsp_lcd.o(i.LCD_WriteReg)
    i.Led_Config                             0x08003350   Section        0  led.o(i.Led_Config)
    i.MY1680_Init                            0x080033a0   Section        0  my1680.o(i.MY1680_Init)
    i.MemManage_Handler                      0x08003424   Section        0  stm32f10x_it.o(i.MemManage_Handler)
    i.NMI_Handler                            0x08003428   Section        0  stm32f10x_it.o(i.NMI_Handler)
    i.PendSV_Handler                         0x0800342a   Section        0  stm32f10x_it.o(i.PendSV_Handler)
    i.PlayMP3_42                             0x0800342c   Section        0  my1680.o(i.PlayMP3_42)
    i.PlayMP3_T                              0x08003466   Section        0  my1680.o(i.PlayMP3_T)
    i.PlayMP3_Weather1                       0x080034ec   Section        0  my1680.o(i.PlayMP3_Weather1)
    i.PlayMP3_Weather2                       0x08003578   Section        0  my1680.o(i.PlayMP3_Weather2)
    i.PlayMP3_Weather3                       0x08003604   Section        0  my1680.o(i.PlayMP3_Weather3)
    i.RCC_ADCCLKConfig                       0x08003690   Section        0  stm32f10x_rcc.o(i.RCC_ADCCLKConfig)
    i.RCC_AHBPeriphClockCmd                  0x080036a8   Section        0  stm32f10x_rcc.o(i.RCC_AHBPeriphClockCmd)
    i.RCC_APB1PeriphClockCmd                 0x080036c8   Section        0  stm32f10x_rcc.o(i.RCC_APB1PeriphClockCmd)
    i.RCC_APB2PeriphClockCmd                 0x080036e8   Section        0  stm32f10x_rcc.o(i.RCC_APB2PeriphClockCmd)
    i.RCC_GetClocksFreq                      0x08003708   Section        0  stm32f10x_rcc.o(i.RCC_GetClocksFreq)
    i.SVC_Handler                            0x080037dc   Section        0  stm32f10x_it.o(i.SVC_Handler)
    i.SetSysClock                            0x080037de   Section        0  system_stm32f10x.o(i.SetSysClock)
    SetSysClock                              0x080037df   Thumb Code     8  system_stm32f10x.o(i.SetSysClock)
    i.SetSysClockTo72                        0x080037e8   Section        0  system_stm32f10x.o(i.SetSysClockTo72)
    SetSysClockTo72                          0x080037e9   Thumb Code   214  system_stm32f10x.o(i.SetSysClockTo72)
    i.SysTick_Handler                        0x080038c8   Section        0  delay.o(i.SysTick_Handler)
    i.SystemInit                             0x08003904   Section        0  system_stm32f10x.o(i.SystemInit)
    i.TFTLCD_Init                            0x08003964   Section        0  bsp_lcd.o(i.TFTLCD_Init)
    i.USART1_IRQHandler                      0x08007344   Section        0  usart1.o(i.USART1_IRQHandler)
    i.USART3_IRQHandler                      0x08007348   Section        0  esp8266.o(i.USART3_IRQHandler)
    i.USART3_SendArray                       0x080073d8   Section        0  esp8266.o(i.USART3_SendArray)
    i.USART3_SendData                        0x080073fc   Section        0  esp8266.o(i.USART3_SendData)
    i.USART3_SendStr                         0x0800741c   Section        0  esp8266.o(i.USART3_SendStr)
    i.USART4_SendData                        0x08007434   Section        0  my1680.o(i.USART4_SendData)
    i.USART_ClearITPendingBit                0x08007454   Section        0  stm32f10x_usart.o(i.USART_ClearITPendingBit)
    i.USART_Cmd                              0x08007472   Section        0  stm32f10x_usart.o(i.USART_Cmd)
    i.USART_GetFlagStatus                    0x0800748a   Section        0  stm32f10x_usart.o(i.USART_GetFlagStatus)
    i.USART_GetITStatus                      0x080074a4   Section        0  stm32f10x_usart.o(i.USART_GetITStatus)
    i.USART_ITConfig                         0x080074f8   Section        0  stm32f10x_usart.o(i.USART_ITConfig)
    i.USART_Init                             0x08007544   Section        0  stm32f10x_usart.o(i.USART_Init)
    i.USART_SendData                         0x0800761c   Section        0  stm32f10x_usart.o(i.USART_SendData)
    i.UsageFault_Handler                     0x08007624   Section        0  stm32f10x_it.o(i.UsageFault_Handler)
    i.Usart_Config                           0x08007628   Section        0  usart1.o(i.Usart_Config)
    i.Usart_SendData                         0x08007714   Section        0  usart1.o(i.Usart_SendData)
    i.WIFI_Iinit                             0x08007734   Section        0  esp8266.o(i.WIFI_Iinit)
    i.__0printf                              0x08007760   Section        0  printfa.o(i.__0printf)
    i.__0sprintf                             0x08007780   Section        0  printfa.o(i.__0sprintf)
    i.__aeabi_errno_addr                     0x080077a8   Section        0  errno.o(i.__aeabi_errno_addr)
    i.__free$realloc                         0x080077b0   Section        0  mallocr.o(i.__free$realloc)
    i.__malloc$realloc                       0x0800780c   Section        0  mallocr.o(i.__malloc$realloc)
    i.__scatterload_copy                     0x0800785c   Section       14  handlers.o(i.__scatterload_copy)
    i.__scatterload_null                     0x0800786a   Section        2  handlers.o(i.__scatterload_null)
    i.__scatterload_zeroinit                 0x0800786c   Section       14  handlers.o(i.__scatterload_zeroinit)
    i._fp_digits                             0x0800787c   Section        0  printfa.o(i._fp_digits)
    _fp_digits                               0x0800787d   Thumb Code   366  printfa.o(i._fp_digits)
    i._is_digit                              0x08007a00   Section        0  scanf_fp.o(i._is_digit)
    i._printf_core                           0x08007a10   Section        0  printfa.o(i._printf_core)
    _printf_core                             0x08007a11   Thumb Code  1744  printfa.o(i._printf_core)
    i._printf_post_padding                   0x080080ec   Section        0  printfa.o(i._printf_post_padding)
    _printf_post_padding                     0x080080ed   Thumb Code    36  printfa.o(i._printf_post_padding)
    i._printf_pre_padding                    0x08008110   Section        0  printfa.o(i._printf_pre_padding)
    _printf_pre_padding                      0x08008111   Thumb Code    46  printfa.o(i._printf_pre_padding)
    i._sputc                                 0x0800813e   Section        0  printfa.o(i._sputc)
    _sputc                                   0x0800813f   Thumb Code    10  printfa.o(i._sputc)
    i.buffer_skip_whitespace                 0x08008148   Section        0  cjson.o(i.buffer_skip_whitespace)
    buffer_skip_whitespace                   0x08008149   Thumb Code    72  cjson.o(i.buffer_skip_whitespace)
    i.cJSON_Delete                           0x08008190   Section        0  cjson.o(i.cJSON_Delete)
    i.cJSON_GetArrayItem                     0x080081e8   Section        0  cjson.o(i.cJSON_GetArrayItem)
    i.cJSON_GetObjectItem                    0x08008200   Section        0  cjson.o(i.cJSON_GetObjectItem)
    i.cJSON_New_Item                         0x08008212   Section        0  cjson.o(i.cJSON_New_Item)
    cJSON_New_Item                           0x08008213   Thumb Code    26  cjson.o(i.cJSON_New_Item)
    i.cJSON_Parse                            0x0800822c   Section        0  cjson.o(i.cJSON_Parse)
    i.cJSON_ParseWithLengthOpts              0x0800823c   Section        0  cjson.o(i.cJSON_ParseWithLengthOpts)
    i.cJSON_ParseWithOpts                    0x08008310   Section        0  cjson.o(i.cJSON_ParseWithOpts)
    i.case_insensitive_strcmp                0x08008338   Section        0  cjson.o(i.case_insensitive_strcmp)
    case_insensitive_strcmp                  0x08008339   Thumb Code    72  cjson.o(i.case_insensitive_strcmp)
    i.fputc                                  0x08008380   Section        0  usart1.o(i.fputc)
    i.get_array_item                         0x08008390   Section        0  cjson.o(i.get_array_item)
    get_array_item                           0x08008391   Thumb Code    30  cjson.o(i.get_array_item)
    i.get_decimal_point                      0x080083ae   Section        0  cjson.o(i.get_decimal_point)
    get_decimal_point                        0x080083af   Thumb Code     4  cjson.o(i.get_decimal_point)
    i.get_object_item                        0x080083b2   Section        0  cjson.o(i.get_object_item)
    get_object_item                          0x080083b3   Thumb Code    82  cjson.o(i.get_object_item)
    i.internal_alloc                         0x08008404   Section        0  mallocr.o(i.internal_alloc)
    internal_alloc                           0x08008405   Thumb Code    76  mallocr.o(i.internal_alloc)
    i.main                                   0x08008454   Section        0  main.o(i.main)
    i.parse_array                            0x080086d8   Section        0  cjson.o(i.parse_array)
    parse_array                              0x080086d9   Thumb Code   248  cjson.o(i.parse_array)
    i.parse_hex4                             0x080087d0   Section        0  cjson.o(i.parse_hex4)
    parse_hex4                               0x080087d1   Thumb Code    90  cjson.o(i.parse_hex4)
    i.parse_number                           0x0800882c   Section        0  cjson.o(i.parse_number)
    parse_number                             0x0800882d   Thumb Code   298  cjson.o(i.parse_number)
    i.parse_object                           0x08008964   Section        0  cjson.o(i.parse_object)
    parse_object                             0x08008965   Thumb Code   318  cjson.o(i.parse_object)
    i.parse_string                           0x08008aa2   Section        0  cjson.o(i.parse_string)
    parse_string                             0x08008aa3   Thumb Code   396  cjson.o(i.parse_string)
    i.parse_value                            0x08008c30   Section        0  cjson.o(i.parse_value)
    parse_value                              0x08008c31   Thumb Code   290  cjson.o(i.parse_value)
    i.realloc                                0x08008d6c   Section        0  mallocr.o(i.realloc)
    i.showInfor                              0x08008dd8   Section        0  delay.o(i.showInfor)
    i.skip_utf8_bom                          0x08008ed4   Section        0  cjson.o(i.skip_utf8_bom)
    skip_utf8_bom                            0x08008ed5   Thumb Code    56  cjson.o(i.skip_utf8_bom)
    i.strtod                                 0x08008f10   Section        0  strtod.o(i.strtod)
    i.usart3_config                          0x08008f2c   Section        0  esp8266.o(i.usart3_config)
    i.utf16_literal_to_utf8                  0x0800904c   Section        0  cjson.o(i.utf16_literal_to_utf8)
    utf16_literal_to_utf8                    0x0800904d   Thumb Code   300  cjson.o(i.utf16_literal_to_utf8)
    .constdata                               0x08009178   Section    153600  main.o(.constdata)
    .constdata                               0x0802e978   Section    155648  delay.o(.constdata)
    .constdata                               0x08054978   Section    12780  bsp_lcd.o(.constdata)
    .constdata                               0x08057b64   Section      129  ctype_o.o(.constdata)
    .constdata                               0x08057be8   Section        4  ctype_o.o(.constdata)
    table                                    0x08057be8   Data           4  ctype_o.o(.constdata)
    .conststring                             0x08057bec   Section      107  esp8266.o(.conststring)
    .data                                    0x20000000   Section       20  stm32f10x_rcc.o(.data)
    APBAHBPrescTable                         0x20000000   Data          16  stm32f10x_rcc.o(.data)
    ADCPrescTable                            0x20000010   Data           4  stm32f10x_rcc.o(.data)
    .data                                    0x20000014   Section       16  delay.o(.data)
    .data                                    0x20000024   Section        8  key.o(.data)
    count1                                   0x20000024   Data           2  key.o(.data)
    count2                                   0x20000026   Data           2  key.o(.data)
    count3                                   0x20000028   Data           2  key.o(.data)
    count4                                   0x2000002a   Data           2  key.o(.data)
    .data                                    0x2000002c   Section       13  dht11.o(.data)
    .data                                    0x2000003a   Section        4  adc.o(.data)
    .data                                    0x2000003e   Section       20  esp8266.o(.data)
    .data                                    0x20000054   Section       20  cjson.o(.data)
    global_error                             0x20000054   Data           8  cjson.o(.data)
    global_hooks                             0x2000005c   Data          12  cjson.o(.data)
    .data                                    0x20000068   Section        4  bsp_lcd.o(.data)
    .data                                    0x2000006c   Section        4  stdout.o(.data)
    .data                                    0x20000070   Section        4  mvars.o(.data)
    .data                                    0x20000074   Section        4  mvars.o(.data)
    .data                                    0x20000078   Section        4  errno.o(.data)
    _errno                                   0x20000078   Data           4  errno.o(.data)
    .bss                                     0x2000007c   Section       50  dht11.o(.bss)
    .bss                                     0x200000ae   Section      100  adc.o(.bss)
    .bss                                     0x20000112   Section     1456  esp8266.o(.bss)
    .bss                                     0x200006c2   Section       14  bsp_lcd.o(.bss)
    HEAP                                     0x200006d0   Section     8192  startup_stm32f10x_hd.o(HEAP)
    STACK                                    0x200026d0   Section     8192  startup_stm32f10x_hd.o(STACK)

    Global Symbols

    Symbol Name                              Value     Ov Type        Size  Object(Section)

    BuildAttributes$$THM_ISAv4$P$D$K$B$S$PE$A:L22UL41UL21$X:L11$S22US41US21$IEEE1$IW$USESV6$~STKCKD$USESV7$~SHL$OTIME$ROPI$IEEEX$EBA8$MICROLIB$REQ8$PRES8$EABIv2 0x00000000   Number         0  anon$$obj.o ABSOLUTE
    __ARM_use_no_argv                        0x00000000   Number         0  main.o ABSOLUTE
    _printf_a                                0x00000000   Number         0  stubs.o ABSOLUTE
    _printf_c                                0x00000000   Number         0  stubs.o ABSOLUTE
    _printf_charcount                        0x00000000   Number         0  stubs.o ABSOLUTE
    _printf_d                                0x00000000   Number         0  stubs.o ABSOLUTE
    _printf_e                                0x00000000   Number         0  stubs.o ABSOLUTE
    _printf_f                                0x00000000   Number         0  stubs.o ABSOLUTE
    _printf_flags                            0x00000000   Number         0  stubs.o ABSOLUTE
    _printf_fp_dec                           0x00000000   Number         0  stubs.o ABSOLUTE
    _printf_fp_hex                           0x00000000   Number         0  stubs.o ABSOLUTE
    _printf_g                                0x00000000   Number         0  stubs.o ABSOLUTE
    _printf_i                                0x00000000   Number         0  stubs.o ABSOLUTE
    _printf_int_dec                          0x00000000   Number         0  stubs.o ABSOLUTE
    _printf_l                                0x00000000   Number         0  stubs.o ABSOLUTE
    _printf_lc                               0x00000000   Number         0  stubs.o ABSOLUTE
    _printf_ll                               0x00000000   Number         0  stubs.o ABSOLUTE
    _printf_lld                              0x00000000   Number         0  stubs.o ABSOLUTE
    _printf_lli                              0x00000000   Number         0  stubs.o ABSOLUTE
    _printf_llo                              0x00000000   Number         0  stubs.o ABSOLUTE
    _printf_llu                              0x00000000   Number         0  stubs.o ABSOLUTE
    _printf_llx                              0x00000000   Number         0  stubs.o ABSOLUTE
    _printf_longlong_dec                     0x00000000   Number         0  stubs.o ABSOLUTE
    _printf_longlong_hex                     0x00000000   Number         0  stubs.o ABSOLUTE
    _printf_longlong_oct                     0x00000000   Number         0  stubs.o ABSOLUTE
    _printf_ls                               0x00000000   Number         0  stubs.o ABSOLUTE
    _printf_mbtowc                           0x00000000   Number         0  stubs.o ABSOLUTE
    _printf_n                                0x00000000   Number         0  stubs.o ABSOLUTE
    _printf_o                                0x00000000   Number         0  stubs.o ABSOLUTE
    _printf_p                                0x00000000   Number         0  stubs.o ABSOLUTE
    _printf_percent                          0x00000000   Number         0  stubs.o ABSOLUTE
    _printf_pre_padding                      0x00000000   Number         0  stubs.o ABSOLUTE
    _printf_return_value                     0x00000000   Number         0  stubs.o ABSOLUTE
    _printf_s                                0x00000000   Number         0  stubs.o ABSOLUTE
    _printf_sizespec                         0x00000000   Number         0  stubs.o ABSOLUTE
    _printf_str                              0x00000000   Number         0  stubs.o ABSOLUTE
    _printf_truncate_signed                  0x00000000   Number         0  stubs.o ABSOLUTE
    _printf_truncate_unsigned                0x00000000   Number         0  stubs.o ABSOLUTE
    _printf_u                                0x00000000   Number         0  stubs.o ABSOLUTE
    _printf_wc                               0x00000000   Number         0  stubs.o ABSOLUTE
    _printf_wctomb                           0x00000000   Number         0  stubs.o ABSOLUTE
    _printf_widthprec                        0x00000000   Number         0  stubs.o ABSOLUTE
    _printf_x                                0x00000000   Number         0  stubs.o ABSOLUTE
    __cpp_initialize__aeabi_                  - Undefined Weak Reference
    __cxa_finalize                            - Undefined Weak Reference
    __decompress                              - Undefined Weak Reference
    _clock_init                               - Undefined Weak Reference
    _microlib_exit                            - Undefined Weak Reference
    _scanf_int                                - Undefined Weak Reference
    _scanf_longlong                           - Undefined Weak Reference
    _scanf_string                             - Undefined Weak Reference
    __Vectors_Size                           0x00000130   Number         0  startup_stm32f10x_hd.o ABSOLUTE
    __Vectors                                0x08000000   Data           4  startup_stm32f10x_hd.o(RESET)
    __Vectors_End                            0x08000130   Data           0  startup_stm32f10x_hd.o(RESET)
    __main                                   0x08000131   Thumb Code     0  entry.o(.ARM.Collect$$$$00000000)
    _main_stk                                0x08000131   Thumb Code     0  entry2.o(.ARM.Collect$$$$00000001)
    _main_scatterload                        0x08000135   Thumb Code     0  entry5.o(.ARM.Collect$$$$00000004)
    __main_after_scatterload                 0x08000139   Thumb Code     0  entry5.o(.ARM.Collect$$$$00000004)
    _main_clock                              0x08000139   Thumb Code     0  entry7b.o(.ARM.Collect$$$$00000008)
    _main_cpp_init                           0x08000139   Thumb Code     0  entry8b.o(.ARM.Collect$$$$0000000A)
    _main_init                               0x08000139   Thumb Code     0  entry9a.o(.ARM.Collect$$$$0000000B)
    __rt_final_cpp                           0x08000141   Thumb Code     0  entry10a.o(.ARM.Collect$$$$0000000D)
    __rt_final_exit                          0x08000141   Thumb Code     0  entry11a.o(.ARM.Collect$$$$0000000F)
    Reset_Handler                            0x08000145   Thumb Code     8  startup_stm32f10x_hd.o(.text)
    ADC1_2_IRQHandler                        0x0800015f   Thumb Code     0  startup_stm32f10x_hd.o(.text)
    ADC3_IRQHandler                          0x0800015f   Thumb Code     0  startup_stm32f10x_hd.o(.text)
    CAN1_RX1_IRQHandler                      0x0800015f   Thumb Code     0  startup_stm32f10x_hd.o(.text)
    CAN1_SCE_IRQHandler                      0x0800015f   Thumb Code     0  startup_stm32f10x_hd.o(.text)
    DMA1_Channel1_IRQHandler                 0x0800015f   Thumb Code     0  startup_stm32f10x_hd.o(.text)
    DMA1_Channel2_IRQHandler                 0x0800015f   Thumb Code     0  startup_stm32f10x_hd.o(.text)
    DMA1_Channel3_IRQHandler                 0x0800015f   Thumb Code     0  startup_stm32f10x_hd.o(.text)
    DMA1_Channel4_IRQHandler                 0x0800015f   Thumb Code     0  startup_stm32f10x_hd.o(.text)
    DMA1_Channel5_IRQHandler                 0x0800015f   Thumb Code     0  startup_stm32f10x_hd.o(.text)
    DMA1_Channel6_IRQHandler                 0x0800015f   Thumb Code     0  startup_stm32f10x_hd.o(.text)
    DMA1_Channel7_IRQHandler                 0x0800015f   Thumb Code     0  startup_stm32f10x_hd.o(.text)
    DMA2_Channel1_IRQHandler                 0x0800015f   Thumb Code     0  startup_stm32f10x_hd.o(.text)
    DMA2_Channel2_IRQHandler                 0x0800015f   Thumb Code     0  startup_stm32f10x_hd.o(.text)
    DMA2_Channel3_IRQHandler                 0x0800015f   Thumb Code     0  startup_stm32f10x_hd.o(.text)
    DMA2_Channel4_5_IRQHandler               0x0800015f   Thumb Code     0  startup_stm32f10x_hd.o(.text)
    EXTI0_IRQHandler                         0x0800015f   Thumb Code     0  startup_stm32f10x_hd.o(.text)
    EXTI15_10_IRQHandler                     0x0800015f   Thumb Code     0  startup_stm32f10x_hd.o(.text)
    EXTI1_IRQHandler                         0x0800015f   Thumb Code     0  startup_stm32f10x_hd.o(.text)
    EXTI2_IRQHandler                         0x0800015f   Thumb Code     0  startup_stm32f10x_hd.o(.text)
    EXTI3_IRQHandler                         0x0800015f   Thumb Code     0  startup_stm32f10x_hd.o(.text)
    EXTI4_IRQHandler                         0x0800015f   Thumb Code     0  startup_stm32f10x_hd.o(.text)
    EXTI9_5_IRQHandler                       0x0800015f   Thumb Code     0  startup_stm32f10x_hd.o(.text)
    FLASH_IRQHandler                         0x0800015f   Thumb Code     0  startup_stm32f10x_hd.o(.text)
    FSMC_IRQHandler                          0x0800015f   Thumb Code     0  startup_stm32f10x_hd.o(.text)
    I2C1_ER_IRQHandler                       0x0800015f   Thumb Code     0  startup_stm32f10x_hd.o(.text)
    I2C1_EV_IRQHandler                       0x0800015f   Thumb Code     0  startup_stm32f10x_hd.o(.text)
    I2C2_ER_IRQHandler                       0x0800015f   Thumb Code     0  startup_stm32f10x_hd.o(.text)
    I2C2_EV_IRQHandler                       0x0800015f   Thumb Code     0  startup_stm32f10x_hd.o(.text)
    PVD_IRQHandler                           0x0800015f   Thumb Code     0  startup_stm32f10x_hd.o(.text)
    RCC_IRQHandler                           0x0800015f   Thumb Code     0  startup_stm32f10x_hd.o(.text)
    RTCAlarm_IRQHandler                      0x0800015f   Thumb Code     0  startup_stm32f10x_hd.o(.text)
    RTC_IRQHandler                           0x0800015f   Thumb Code     0  startup_stm32f10x_hd.o(.text)
    SDIO_IRQHandler                          0x0800015f   Thumb Code     0  startup_stm32f10x_hd.o(.text)
    SPI1_IRQHandler                          0x0800015f   Thumb Code     0  startup_stm32f10x_hd.o(.text)
    SPI2_IRQHandler                          0x0800015f   Thumb Code     0  startup_stm32f10x_hd.o(.text)
    SPI3_IRQHandler                          0x0800015f   Thumb Code     0  startup_stm32f10x_hd.o(.text)
    TAMPER_IRQHandler                        0x0800015f   Thumb Code     0  startup_stm32f10x_hd.o(.text)
    TIM1_BRK_IRQHandler                      0x0800015f   Thumb Code     0  startup_stm32f10x_hd.o(.text)
    TIM1_CC_IRQHandler                       0x0800015f   Thumb Code     0  startup_stm32f10x_hd.o(.text)
    TIM1_TRG_COM_IRQHandler                  0x0800015f   Thumb Code     0  startup_stm32f10x_hd.o(.text)
    TIM1_UP_IRQHandler                       0x0800015f   Thumb Code     0  startup_stm32f10x_hd.o(.text)
    TIM2_IRQHandler                          0x0800015f   Thumb Code     0  startup_stm32f10x_hd.o(.text)
    TIM3_IRQHandler                          0x0800015f   Thumb Code     0  startup_stm32f10x_hd.o(.text)
    TIM4_IRQHandler                          0x0800015f   Thumb Code     0  startup_stm32f10x_hd.o(.text)
    TIM5_IRQHandler                          0x0800015f   Thumb Code     0  startup_stm32f10x_hd.o(.text)
    TIM6_IRQHandler                          0x0800015f   Thumb Code     0  startup_stm32f10x_hd.o(.text)
    TIM7_IRQHandler                          0x0800015f   Thumb Code     0  startup_stm32f10x_hd.o(.text)
    TIM8_BRK_IRQHandler                      0x0800015f   Thumb Code     0  startup_stm32f10x_hd.o(.text)
    TIM8_CC_IRQHandler                       0x0800015f   Thumb Code     0  startup_stm32f10x_hd.o(.text)
    TIM8_TRG_COM_IRQHandler                  0x0800015f   Thumb Code     0  startup_stm32f10x_hd.o(.text)
    TIM8_UP_IRQHandler                       0x0800015f   Thumb Code     0  startup_stm32f10x_hd.o(.text)
    UART4_IRQHandler                         0x0800015f   Thumb Code     0  startup_stm32f10x_hd.o(.text)
    UART5_IRQHandler                         0x0800015f   Thumb Code     0  startup_stm32f10x_hd.o(.text)
    USART2_IRQHandler                        0x0800015f   Thumb Code     0  startup_stm32f10x_hd.o(.text)
    USBWakeUp_IRQHandler                     0x0800015f   Thumb Code     0  startup_stm32f10x_hd.o(.text)
    USB_HP_CAN1_TX_IRQHandler                0x0800015f   Thumb Code     0  startup_stm32f10x_hd.o(.text)
    USB_LP_CAN1_RX0_IRQHandler               0x0800015f   Thumb Code     0  startup_stm32f10x_hd.o(.text)
    WWDG_IRQHandler                          0x0800015f   Thumb Code     0  startup_stm32f10x_hd.o(.text)
    tolower                                  0x08000169   Thumb Code    12  tolower.o(.text)
    __aeabi_memcpy                           0x08000175   Thumb Code    36  memcpya.o(.text)
    __aeabi_memcpy4                          0x08000175   Thumb Code     0  memcpya.o(.text)
    __aeabi_memcpy8                          0x08000175   Thumb Code     0  memcpya.o(.text)
    __aeabi_memset                           0x08000199   Thumb Code    14  memseta.o(.text)
    __aeabi_memset4                          0x08000199   Thumb Code     0  memseta.o(.text)
    __aeabi_memset8                          0x08000199   Thumb Code     0  memseta.o(.text)
    __aeabi_memclr                           0x080001a7   Thumb Code     4  memseta.o(.text)
    __aeabi_memclr4                          0x080001a7   Thumb Code     0  memseta.o(.text)
    __aeabi_memclr8                          0x080001a7   Thumb Code     0  memseta.o(.text)
    _memset$wrapper                          0x080001ab   Thumb Code    18  memseta.o(.text)
    strstr                                   0x080001bd   Thumb Code    36  strstr.o(.text)
    strlen                                   0x080001e1   Thumb Code    14  strlen.o(.text)
    strcmp                                   0x080001ef   Thumb Code    28  strcmp.o(.text)
    strcpy                                   0x0800020b   Thumb Code    18  strcpy.o(.text)
    strncmp                                  0x0800021d   Thumb Code    30  strncmp.o(.text)
    _scanf_real                              0x08000365   Thumb Code     0  scanf_fp.o(.text)
    _scanf_really_real                       0x08000365   Thumb Code   556  scanf_fp.o(.text)
    atoi                                     0x0800059d   Thumb Code    26  atoi.o(.text)
    __aeabi_dadd                             0x080005b7   Thumb Code   322  dadd.o(.text)
    __aeabi_dsub                             0x080006f9   Thumb Code     6  dadd.o(.text)
    __aeabi_drsub                            0x080006ff   Thumb Code     6  dadd.o(.text)
    __aeabi_dmul                             0x08000705   Thumb Code   228  dmul.o(.text)
    __aeabi_ddiv                             0x080007e9   Thumb Code   222  ddiv.o(.text)
    __aeabi_ui2d                             0x080008c7   Thumb Code    26  dfltui.o(.text)
    __aeabi_d2iz                             0x080008e1   Thumb Code    62  dfixi.o(.text)
    __aeabi_d2uiz                            0x0800091f   Thumb Code    50  dfixui.o(.text)
    __aeabi_f2d                              0x08000951   Thumb Code    38  f2d.o(.text)
    __aeabi_cdcmpeq                          0x08000979   Thumb Code     0  cdcmple.o(.text)
    __aeabi_cdcmple                          0x08000979   Thumb Code    48  cdcmple.o(.text)
    __aeabi_cdrcmple                         0x080009a9   Thumb Code    48  cdrcmple.o(.text)
    __aeabi_d2f                              0x080009d9   Thumb Code    56  d2f.o(.text)
    __aeabi_uidiv                            0x08000a11   Thumb Code     0  uidiv.o(.text)
    __aeabi_uidivmod                         0x08000a11   Thumb Code    44  uidiv.o(.text)
    __aeabi_uldivmod                         0x08000a3d   Thumb Code    98  uldiv.o(.text)
    __aeabi_llsl                             0x08000a9f   Thumb Code    30  llshl.o(.text)
    _ll_shift_l                              0x08000a9f   Thumb Code     0  llshl.o(.text)
    __aeabi_llsr                             0x08000abd   Thumb Code    32  llushr.o(.text)
    _ll_ushift_r                             0x08000abd   Thumb Code     0  llushr.o(.text)
    __aeabi_lasr                             0x08000add   Thumb Code    36  llsshr.o(.text)
    _ll_sshift_r                             0x08000add   Thumb Code     0  llsshr.o(.text)
    _sgetc                                   0x08000b01   Thumb Code    30  _sgetc.o(.text)
    _sbackspace                              0x08000b1f   Thumb Code    34  _sgetc.o(.text)
    __strtod_int                             0x08000b77   Thumb Code    90  strtod.o(.text)
    strtol                                   0x08000bdd   Thumb Code   112  strtol.o(.text)
    __I$use$fp                               0x08000c4d   Thumb Code     0  iusefp.o(.text)
    _float_round                             0x08000c4d   Thumb Code    18  fepilogue.o(.text)
    _float_epilogue                          0x08000c5f   Thumb Code    92  fepilogue.o(.text)
    _double_round                            0x08000cbb   Thumb Code    30  depilogue.o(.text)
    _double_epilogue                         0x08000cd9   Thumb Code   156  depilogue.o(.text)
    __aeabi_ul2d                             0x08000d75   Thumb Code    24  dfltul.o(.text)
    __aeabi_d2ulz                            0x08000d8d   Thumb Code    48  dfixul.o(.text)
    __scatterload                            0x08000dbd   Thumb Code    28  init.o(.text)
    __scatterload_rt2                        0x08000dbd   Thumb Code     0  init.o(.text)
    __rt_ctype_table                         0x08000de1   Thumb Code     4  ctype_o.o(.text)
    isspace                                  0x08000de9   Thumb Code    18  isspace_o.o(.text)
    _strtoul                                 0x08000dfb   Thumb Code   158  _strtoul.o(.text)
    _chval                                   0x08000e99   Thumb Code    28  _chval.o(.text)
    ADC_Cmd                                  0x08000eb5   Thumb Code    22  stm32f10x_adc.o(i.ADC_Cmd)
    ADC_Config                               0x08000ecd   Thumb Code   148  adc.o(i.ADC_Config)
    ADC_GetCalibrationStatus                 0x08000f6d   Thumb Code    20  stm32f10x_adc.o(i.ADC_GetCalibrationStatus)
    ADC_GetConversionValue                   0x08000f81   Thumb Code     8  stm32f10x_adc.o(i.ADC_GetConversionValue)
    ADC_GetFlagStatus                        0x08000f89   Thumb Code    18  stm32f10x_adc.o(i.ADC_GetFlagStatus)
    ADC_GetResetCalibrationStatus            0x08000f9b   Thumb Code    20  stm32f10x_adc.o(i.ADC_GetResetCalibrationStatus)
    ADC_Init                                 0x08000fb1   Thumb Code    70  stm32f10x_adc.o(i.ADC_Init)
    ADC_RegularChannelConfig                 0x08001001   Thumb Code   184  stm32f10x_adc.o(i.ADC_RegularChannelConfig)
    ADC_ResetCalibration                     0x080010b9   Thumb Code    10  stm32f10x_adc.o(i.ADC_ResetCalibration)
    ADC_SoftwareStartConvCmd                 0x080010c3   Thumb Code    22  stm32f10x_adc.o(i.ADC_SoftwareStartConvCmd)
    ADC_StartCalibration                     0x080010d9   Thumb Code    10  stm32f10x_adc.o(i.ADC_StartCalibration)
    BusFault_Handler                         0x080010e3   Thumb Code     4  stm32f10x_it.o(i.BusFault_Handler)
    Connect_AP                               0x080010e9   Thumb Code   142  esp8266.o(i.Connect_AP)
    Connect_Server                           0x08001229   Thumb Code  2470  esp8266.o(i.Connect_Server)
    DebugMon_Handler                         0x08001c71   Thumb Code     2  stm32f10x_it.o(i.DebugMon_Handler)
    Delay_ms                                 0x08001c73   Thumb Code   180  delay.o(i.Delay_ms)
    Delay_us                                 0x08001d27   Thumb Code   156  delay.o(i.Delay_us)
    Dht_Config                               0x08001dc5   Thumb Code    56  dht11.o(i.Dht_Config)
    ESP8266_SendCmd_RecAck                   0x08001e01   Thumb Code    96  esp8266.o(i.ESP8266_SendCmd_RecAck)
    Exit_Scotch                              0x08001e69   Thumb Code    18  esp8266.o(i.Exit_Scotch)
    FSMC_NORSRAMCmd                          0x08001e81   Thumb Code    46  stm32f10x_fsmc.o(i.FSMC_NORSRAMCmd)
    FSMC_NORSRAMInit                         0x08001eb5   Thumb Code   230  stm32f10x_fsmc.o(i.FSMC_NORSRAMInit)
    FindStr                                  0x08001f9b   Thumb Code    46  esp8266.o(i.FindStr)
    GET_DHT11DATA                            0x08001fc9   Thumb Code   664  dht11.o(i.GET_DHT11DATA)
    GPIO_Init                                0x080022a1   Thumb Code   278  stm32f10x_gpio.o(i.GPIO_Init)
    GPIO_ReadInputDataBit                    0x080023b7   Thumb Code    18  stm32f10x_gpio.o(i.GPIO_ReadInputDataBit)
    GPIO_ResetBits                           0x080023c9   Thumb Code     4  stm32f10x_gpio.o(i.GPIO_ResetBits)
    GPIO_SetBits                             0x080023cd   Thumb Code     4  stm32f10x_gpio.o(i.GPIO_SetBits)
    Get_Key                                  0x080023d1   Thumb Code   216  key.o(i.Get_Key)
    Get_LightValue                           0x080024c1   Thumb Code    98  adc.o(i.Get_LightValue)
    Get_SmokeValue                           0x0800254d   Thumb Code    98  adc.o(i.Get_SmokeValue)
    HardFault_Handler                        0x080025d9   Thumb Code     4  stm32f10x_it.o(i.HardFault_Handler)
    Key_Config                               0x080025dd   Thumb Code    56  key.o(i.Key_Config)
    LCD_Clear                                0x0800261d   Thumb Code   100  bsp_lcd.o(i.LCD_Clear)
    LCD_Display_Dir                          0x08002689   Thumb Code   494  bsp_lcd.o(i.LCD_Display_Dir)
    LCD_Fast_DrawPoint                       0x0800287d   Thumb Code    26  bsp_lcd.o(i.LCD_Fast_DrawPoint)
    LCD_Fill                                 0x0800289d   Thumb Code    54  bsp_lcd.o(i.LCD_Fill)
    LCD_RD_DATA                              0x080028d5   Thumb Code    14  bsp_lcd.o(i.LCD_RD_DATA)
    LCD_ReadReg                              0x080028e9   Thumb Code    22  bsp_lcd.o(i.LCD_ReadReg)
    LCD_SSD_BackLightSet                     0x08002901   Thumb Code    80  bsp_lcd.o(i.LCD_SSD_BackLightSet)
    LCD_Scan_Dir                             0x08002955   Thumb Code   756  bsp_lcd.o(i.LCD_Scan_Dir)
    LCD_SetCursor                            0x08002c4d   Thumb Code   524  bsp_lcd.o(i.LCD_SetCursor)
    LCD_ShowChar                             0x08002e5d   Thumb Code   272  bsp_lcd.o(i.LCD_ShowChar)
    LCD_ShowPicture                          0x08002f7d   Thumb Code   104  bsp_lcd.o(i.LCD_ShowPicture)
    LCD_ShowStringAndHz                      0x08002fe5   Thumb Code   772  bsp_lcd.o(i.LCD_ShowStringAndHz)
    LCD_WR_DATA                              0x080032fd   Thumb Code    18  bsp_lcd.o(i.LCD_WR_DATA)
    LCD_WR_REG                               0x08003315   Thumb Code    18  bsp_lcd.o(i.LCD_WR_REG)
    LCD_WriteRAM_Prepare                     0x0800332d   Thumb Code    10  bsp_lcd.o(i.LCD_WriteRAM_Prepare)
    LCD_WriteReg                             0x08003341   Thumb Code    10  bsp_lcd.o(i.LCD_WriteReg)
    Led_Config                               0x08003351   Thumb Code    74  led.o(i.Led_Config)
    MY1680_Init                              0x080033a1   Thumb Code   122  my1680.o(i.MY1680_Init)
    MemManage_Handler                        0x08003425   Thumb Code     4  stm32f10x_it.o(i.MemManage_Handler)
    NMI_Handler                              0x08003429   Thumb Code     2  stm32f10x_it.o(i.NMI_Handler)
    PendSV_Handler                           0x0800342b   Thumb Code     2  stm32f10x_it.o(i.PendSV_Handler)
    PlayMP3_42                               0x0800342d   Thumb Code    58  my1680.o(i.PlayMP3_42)
    PlayMP3_T                                0x08003467   Thumb Code   134  my1680.o(i.PlayMP3_T)
    PlayMP3_Weather1                         0x080034ed   Thumb Code   136  my1680.o(i.PlayMP3_Weather1)
    PlayMP3_Weather2                         0x08003579   Thumb Code   136  my1680.o(i.PlayMP3_Weather2)
    PlayMP3_Weather3                         0x08003605   Thumb Code   136  my1680.o(i.PlayMP3_Weather3)
    RCC_ADCCLKConfig                         0x08003691   Thumb Code    18  stm32f10x_rcc.o(i.RCC_ADCCLKConfig)
    RCC_AHBPeriphClockCmd                    0x080036a9   Thumb Code    26  stm32f10x_rcc.o(i.RCC_AHBPeriphClockCmd)
    RCC_APB1PeriphClockCmd                   0x080036c9   Thumb Code    26  stm32f10x_rcc.o(i.RCC_APB1PeriphClockCmd)
    RCC_APB2PeriphClockCmd                   0x080036e9   Thumb Code    26  stm32f10x_rcc.o(i.RCC_APB2PeriphClockCmd)
    RCC_GetClocksFreq                        0x08003709   Thumb Code   192  stm32f10x_rcc.o(i.RCC_GetClocksFreq)
    SVC_Handler                              0x080037dd   Thumb Code     2  stm32f10x_it.o(i.SVC_Handler)
    SysTick_Handler                          0x080038c9   Thumb Code    42  delay.o(i.SysTick_Handler)
    SystemInit                               0x08003905   Thumb Code    78  system_stm32f10x.o(i.SystemInit)
    TFTLCD_Init                              0x08003965   Thumb Code 14806  bsp_lcd.o(i.TFTLCD_Init)
    USART1_IRQHandler                        0x08007345   Thumb Code     2  usart1.o(i.USART1_IRQHandler)
    USART3_IRQHandler                        0x08007349   Thumb Code   130  esp8266.o(i.USART3_IRQHandler)
    USART3_SendArray                         0x080073d9   Thumb Code    34  esp8266.o(i.USART3_SendArray)
    USART3_SendData                          0x080073fd   Thumb Code    28  esp8266.o(i.USART3_SendData)
    USART3_SendStr                           0x0800741d   Thumb Code    22  esp8266.o(i.USART3_SendStr)
    USART4_SendData                          0x08007435   Thumb Code    28  my1680.o(i.USART4_SendData)
    USART_ClearITPendingBit                  0x08007455   Thumb Code    30  stm32f10x_usart.o(i.USART_ClearITPendingBit)
    USART_Cmd                                0x08007473   Thumb Code    24  stm32f10x_usart.o(i.USART_Cmd)
    USART_GetFlagStatus                      0x0800748b   Thumb Code    26  stm32f10x_usart.o(i.USART_GetFlagStatus)
    USART_GetITStatus                        0x080074a5   Thumb Code    84  stm32f10x_usart.o(i.USART_GetITStatus)
    USART_ITConfig                           0x080074f9   Thumb Code    74  stm32f10x_usart.o(i.USART_ITConfig)
    USART_Init                               0x08007545   Thumb Code   210  stm32f10x_usart.o(i.USART_Init)
    USART_SendData                           0x0800761d   Thumb Code     8  stm32f10x_usart.o(i.USART_SendData)
    UsageFault_Handler                       0x08007625   Thumb Code     4  stm32f10x_it.o(i.UsageFault_Handler)
    Usart_Config                             0x08007629   Thumb Code   218  usart1.o(i.Usart_Config)
    Usart_SendData                           0x08007715   Thumb Code    28  usart1.o(i.Usart_SendData)
    WIFI_Iinit                               0x08007735   Thumb Code    24  esp8266.o(i.WIFI_Iinit)
    __0printf                                0x08007761   Thumb Code    22  printfa.o(i.__0printf)
    __1printf                                0x08007761   Thumb Code     0  printfa.o(i.__0printf)
    __2printf                                0x08007761   Thumb Code     0  printfa.o(i.__0printf)
    __c89printf                              0x08007761   Thumb Code     0  printfa.o(i.__0printf)
    printf                                   0x08007761   Thumb Code     0  printfa.o(i.__0printf)
    __0sprintf                               0x08007781   Thumb Code    34  printfa.o(i.__0sprintf)
    __1sprintf                               0x08007781   Thumb Code     0  printfa.o(i.__0sprintf)
    __2sprintf                               0x08007781   Thumb Code     0  printfa.o(i.__0sprintf)
    __c89sprintf                             0x08007781   Thumb Code     0  printfa.o(i.__0sprintf)
    sprintf                                  0x08007781   Thumb Code     0  printfa.o(i.__0sprintf)
    __aeabi_errno_addr                       0x080077a9   Thumb Code     4  errno.o(i.__aeabi_errno_addr)
    __rt_errno_addr                          0x080077a9   Thumb Code     0  errno.o(i.__aeabi_errno_addr)
    free                                     0x080077b1   Thumb Code    88  mallocr.o(i.__free$realloc)
    malloc                                   0x0800780d   Thumb Code    64  mallocr.o(i.__malloc$realloc)
    __scatterload_copy                       0x0800785d   Thumb Code    14  handlers.o(i.__scatterload_copy)
    __scatterload_null                       0x0800786b   Thumb Code     2  handlers.o(i.__scatterload_null)
    __scatterload_zeroinit                   0x0800786d   Thumb Code    14  handlers.o(i.__scatterload_zeroinit)
    _is_digit                                0x08007a01   Thumb Code    14  scanf_fp.o(i._is_digit)
    cJSON_Delete                             0x08008191   Thumb Code    84  cjson.o(i.cJSON_Delete)
    cJSON_GetArrayItem                       0x080081e9   Thumb Code    24  cjson.o(i.cJSON_GetArrayItem)
    cJSON_GetObjectItem                      0x08008201   Thumb Code    18  cjson.o(i.cJSON_GetObjectItem)
    cJSON_Parse                              0x0800822d   Thumb Code    16  cjson.o(i.cJSON_Parse)
    cJSON_ParseWithLengthOpts                0x0800823d   Thumb Code   204  cjson.o(i.cJSON_ParseWithLengthOpts)
    cJSON_ParseWithOpts                      0x08008311   Thumb Code    40  cjson.o(i.cJSON_ParseWithOpts)
    fputc                                    0x08008381   Thumb Code    16  usart1.o(i.fputc)
    main                                     0x08008455   Thumb Code   540  main.o(i.main)
    realloc                                  0x08008d6d   Thumb Code   102  mallocr.o(i.realloc)
    showInfor                                0x08008dd9   Thumb Code   190  delay.o(i.showInfor)
    strtod                                   0x08008f11   Thumb Code    28  strtod.o(i.strtod)
    usart3_config                            0x08008f2d   Thumb Code   266  esp8266.o(i.usart3_config)
    gImage_bg                                0x08009178   Data       153600  main.o(.constdata)
    gImage_bg2                               0x0802e978   Data       153600  delay.o(.constdata)
    gImage_hum                               0x08054178   Data         512  delay.o(.constdata)
    gImage_temp                              0x08054378   Data         512  delay.o(.constdata)
    gImage_smoke                             0x08054578   Data         512  delay.o(.constdata)
    gImage_light                             0x08054778   Data         512  delay.o(.constdata)
    asc2_1206                                0x08054978   Data        1140  bsp_lcd.o(.constdata)
    asc2_1608                                0x08054dec   Data        1520  bsp_lcd.o(.constdata)
    asc2_2412                                0x080553dc   Data        3420  bsp_lcd.o(.constdata)
    Hz12X12                                  0x08056138   Data        1300  bsp_lcd.o(.constdata)
    Hz16X16                                  0x0805664c   Data        1700  bsp_lcd.o(.constdata)
    Hz24X24                                  0x08056cf0   Data        3700  bsp_lcd.o(.constdata)
    __ctype_table                            0x08057b64   Data         129  ctype_o.o(.constdata)
    Region$$Table$$Base                      0x08057c58   Number         0  anon$$obj.o(Region$$Table)
    Region$$Table$$Limit                     0x08057c78   Number         0  anon$$obj.o(Region$$Table)
    LedTime                                  0x20000014   Data           4  delay.o(.data)
    KeyTime                                  0x20000018   Data           4  delay.o(.data)
    DhtTime                                  0x2000001c   Data           4  delay.o(.data)
    AdcTime                                  0x20000020   Data           4  delay.o(.data)
    Hum                                      0x2000002c   Data           4  dht11.o(.data)
    Tem                                      0x20000030   Data           4  dht11.o(.data)
    data                                     0x20000034   Data           5  dht11.o(.data)
    adc_data                                 0x2000003a   Data           4  adc.o(.data)
    location                                 0x2000003e   Data          20  esp8266.o(.data)
    POINT_COLOR                              0x20000068   Data           2  bsp_lcd.o(.data)
    BACK_COLOR                               0x2000006a   Data           2  bsp_lcd.o(.data)
    __stdout                                 0x2000006c   Data           4  stdout.o(.data)
    __microlib_freelist                      0x20000070   Data           4  mvars.o(.data)
    __microlib_freelist_initialised          0x20000074   Data           4  mvars.o(.data)
    dht11_buff                               0x2000007c   Data          50  dht11.o(.bss)
    adc_buff                                 0x200000ae   Data         100  adc.o(.bss)
    USART3_Data                              0x20000112   Data        1036  esp8266.o(.bss)
    Weather_Data                             0x2000051e   Data         420  esp8266.o(.bss)
    lcddev                                   0x200006c2   Data          14  bsp_lcd.o(.bss)
    __heap_base                              0x200006d0   Data           0  startup_stm32f10x_hd.o(HEAP)
    __heap_limit                             0x200026d0   Data           0  startup_stm32f10x_hd.o(HEAP)
    __initial_sp                             0x200046d0   Data           0  startup_stm32f10x_hd.o(STACK)



==============================================================================

Memory Map of the image

  Image Entry point : 0x08000131

  Load Region LR_IROM1 (Base: 0x08000000, Size: 0x00057cf4, Max: 0x00080000, ABSOLUTE)

    Execution Region ER_IROM1 (Exec base: 0x08000000, Load base: 0x08000000, Size: 0x00057c78, Max: 0x00080000, ABSOLUTE)

    Exec Addr    Load Addr    Size         Type   Attr      Idx    E Section Name        Object

    0x08000000   0x08000000   0x00000130   Data   RO            3    RESET               startup_stm32f10x_hd.o
    0x08000130   0x08000130   0x00000000   Code   RO         4935  * .ARM.Collect$$$$00000000  mc_w.l(entry.o)
    0x08000130   0x08000130   0x00000004   Code   RO         5303    .ARM.Collect$$$$00000001  mc_w.l(entry2.o)
    0x08000134   0x08000134   0x00000004   Code   RO         5306    .ARM.Collect$$$$00000004  mc_w.l(entry5.o)
    0x08000138   0x08000138   0x00000000   Code   RO         5308    .ARM.Collect$$$$00000008  mc_w.l(entry7b.o)
    0x08000138   0x08000138   0x00000000   Code   RO         5310    .ARM.Collect$$$$0000000A  mc_w.l(entry8b.o)
    0x08000138   0x08000138   0x00000008   Code   RO         5311    .ARM.Collect$$$$0000000B  mc_w.l(entry9a.o)
    0x08000140   0x08000140   0x00000000   Code   RO         5313    .ARM.Collect$$$$0000000D  mc_w.l(entry10a.o)
    0x08000140   0x08000140   0x00000000   Code   RO         5315    .ARM.Collect$$$$0000000F  mc_w.l(entry11a.o)
    0x08000140   0x08000140   0x00000004   Code   RO         5304    .ARM.Collect$$$$00002712  mc_w.l(entry2.o)
    0x08000144   0x08000144   0x00000024   Code   RO            4    .text               startup_stm32f10x_hd.o
    0x08000168   0x08000168   0x0000000c   Code   RO         4938    .text               mc_w.l(tolower.o)
    0x08000174   0x08000174   0x00000024   Code   RO         4940    .text               mc_w.l(memcpya.o)
    0x08000198   0x08000198   0x00000024   Code   RO         4942    .text               mc_w.l(memseta.o)
    0x080001bc   0x080001bc   0x00000024   Code   RO         4944    .text               mc_w.l(strstr.o)
    0x080001e0   0x080001e0   0x0000000e   Code   RO         4946    .text               mc_w.l(strlen.o)
    0x080001ee   0x080001ee   0x0000001c   Code   RO         4948    .text               mc_w.l(strcmp.o)
    0x0800020a   0x0800020a   0x00000012   Code   RO         4950    .text               mc_w.l(strcpy.o)
    0x0800021c   0x0800021c   0x0000001e   Code   RO         4952    .text               mc_w.l(strncmp.o)
    0x0800023a   0x0800023a   0x00000002   PAD
    0x0800023c   0x0800023c   0x00000360   Code   RO         5247    .text               mc_w.l(scanf_fp.o)
    0x0800059c   0x0800059c   0x0000001a   Code   RO         5251    .text               mc_w.l(atoi.o)
    0x080005b6   0x080005b6   0x0000014e   Code   RO         5253    .text               mf_w.l(dadd.o)
    0x08000704   0x08000704   0x000000e4   Code   RO         5255    .text               mf_w.l(dmul.o)
    0x080007e8   0x080007e8   0x000000de   Code   RO         5257    .text               mf_w.l(ddiv.o)
    0x080008c6   0x080008c6   0x0000001a   Code   RO         5261    .text               mf_w.l(dfltui.o)
    0x080008e0   0x080008e0   0x0000003e   Code   RO         5263    .text               mf_w.l(dfixi.o)
    0x0800091e   0x0800091e   0x00000032   Code   RO         5265    .text               mf_w.l(dfixui.o)
    0x08000950   0x08000950   0x00000026   Code   RO         5267    .text               mf_w.l(f2d.o)
    0x08000976   0x08000976   0x00000002   PAD
    0x08000978   0x08000978   0x00000030   Code   RO         5269    .text               mf_w.l(cdcmple.o)
    0x080009a8   0x080009a8   0x00000030   Code   RO         5271    .text               mf_w.l(cdrcmple.o)
    0x080009d8   0x080009d8   0x00000038   Code   RO         5273    .text               mf_w.l(d2f.o)
    0x08000a10   0x08000a10   0x0000002c   Code   RO         5318    .text               mc_w.l(uidiv.o)
    0x08000a3c   0x08000a3c   0x00000062   Code   RO         5320    .text               mc_w.l(uldiv.o)
    0x08000a9e   0x08000a9e   0x0000001e   Code   RO         5322    .text               mc_w.l(llshl.o)
    0x08000abc   0x08000abc   0x00000020   Code   RO         5324    .text               mc_w.l(llushr.o)
    0x08000adc   0x08000adc   0x00000024   Code   RO         5326    .text               mc_w.l(llsshr.o)
    0x08000b00   0x08000b00   0x00000040   Code   RO         5339    .text               mc_w.l(_sgetc.o)
    0x08000b40   0x08000b40   0x0000009c   Code   RO         5341    .text               mc_w.l(strtod.o)
    0x08000bdc   0x08000bdc   0x00000070   Code   RO         5343    .text               mc_w.l(strtol.o)
    0x08000c4c   0x08000c4c   0x00000000   Code   RO         5345    .text               mc_w.l(iusefp.o)
    0x08000c4c   0x08000c4c   0x0000006e   Code   RO         5346    .text               mf_w.l(fepilogue.o)
    0x08000cba   0x08000cba   0x000000ba   Code   RO         5348    .text               mf_w.l(depilogue.o)
    0x08000d74   0x08000d74   0x00000018   Code   RO         5350    .text               mf_w.l(dfltul.o)
    0x08000d8c   0x08000d8c   0x00000030   Code   RO         5352    .text               mf_w.l(dfixul.o)
    0x08000dbc   0x08000dbc   0x00000024   Code   RO         5358    .text               mc_w.l(init.o)
    0x08000de0   0x08000de0   0x00000008   Code   RO         5362    .text               mc_w.l(ctype_o.o)
    0x08000de8   0x08000de8   0x00000012   Code   RO         5384    .text               mc_w.l(isspace_o.o)
    0x08000dfa   0x08000dfa   0x0000009e   Code   RO         5392    .text               mc_w.l(_strtoul.o)
    0x08000e98   0x08000e98   0x0000001c   Code   RO         5399    .text               mc_w.l(_chval.o)
    0x08000eb4   0x08000eb4   0x00000016   Code   RO          346    i.ADC_Cmd           stm32f10x_adc.o
    0x08000eca   0x08000eca   0x00000002   PAD
    0x08000ecc   0x08000ecc   0x000000a0   Code   RO         3760    i.ADC_Config        adc.o
    0x08000f6c   0x08000f6c   0x00000014   Code   RO          354    i.ADC_GetCalibrationStatus  stm32f10x_adc.o
    0x08000f80   0x08000f80   0x00000008   Code   RO          355    i.ADC_GetConversionValue  stm32f10x_adc.o
    0x08000f88   0x08000f88   0x00000012   Code   RO          357    i.ADC_GetFlagStatus  stm32f10x_adc.o
    0x08000f9a   0x08000f9a   0x00000014   Code   RO          360    i.ADC_GetResetCalibrationStatus  stm32f10x_adc.o
    0x08000fae   0x08000fae   0x00000002   PAD
    0x08000fb0   0x08000fb0   0x00000050   Code   RO          364    i.ADC_Init          stm32f10x_adc.o
    0x08001000   0x08001000   0x000000b8   Code   RO          368    i.ADC_RegularChannelConfig  stm32f10x_adc.o
    0x080010b8   0x080010b8   0x0000000a   Code   RO          369    i.ADC_ResetCalibration  stm32f10x_adc.o
    0x080010c2   0x080010c2   0x00000016   Code   RO          371    i.ADC_SoftwareStartConvCmd  stm32f10x_adc.o
    0x080010d8   0x080010d8   0x0000000a   Code   RO          373    i.ADC_StartCalibration  stm32f10x_adc.o
    0x080010e2   0x080010e2   0x00000004   Code   RO          173    i.BusFault_Handler  stm32f10x_it.o
    0x080010e6   0x080010e6   0x00000002   PAD
    0x080010e8   0x080010e8   0x00000140   Code   RO         3898    i.Connect_AP        esp8266.o
    0x08001228   0x08001228   0x00000a48   Code   RO         3899    i.Connect_Server    esp8266.o
    0x08001c70   0x08001c70   0x00000002   Code   RO          174    i.DebugMon_Handler  stm32f10x_it.o
    0x08001c72   0x08001c72   0x000000b4   Code   RO         3535    i.Delay_ms          delay.o
    0x08001d26   0x08001d26   0x0000009c   Code   RO         3538    i.Delay_us          delay.o
    0x08001dc2   0x08001dc2   0x00000002   PAD
    0x08001dc4   0x08001dc4   0x0000003c   Code   RO         3723    i.Dht_Config        dht11.o
    0x08001e00   0x08001e00   0x00000068   Code   RO         3900    i.ESP8266_SendCmd_RecAck  esp8266.o
    0x08001e68   0x08001e68   0x00000018   Code   RO         3901    i.Exit_Scotch       esp8266.o
    0x08001e80   0x08001e80   0x00000034   Code   RO         1460    i.FSMC_NORSRAMCmd   stm32f10x_fsmc.o
    0x08001eb4   0x08001eb4   0x000000e6   Code   RO         1462    i.FSMC_NORSRAMInit  stm32f10x_fsmc.o
    0x08001f9a   0x08001f9a   0x0000002e   Code   RO         3902    i.FindStr           esp8266.o
    0x08001fc8   0x08001fc8   0x000002d8   Code   RO         3724    i.GET_DHT11DATA     dht11.o
    0x080022a0   0x080022a0   0x00000116   Code   RO         1587    i.GPIO_Init         stm32f10x_gpio.o
    0x080023b6   0x080023b6   0x00000012   Code   RO         1591    i.GPIO_ReadInputDataBit  stm32f10x_gpio.o
    0x080023c8   0x080023c8   0x00000004   Code   RO         1594    i.GPIO_ResetBits    stm32f10x_gpio.o
    0x080023cc   0x080023cc   0x00000004   Code   RO         1595    i.GPIO_SetBits      stm32f10x_gpio.o
    0x080023d0   0x080023d0   0x000000f0   Code   RO         3636    i.Get_Key           key.o
    0x080024c0   0x080024c0   0x0000008c   Code   RO         3761    i.Get_LightValue    adc.o
    0x0800254c   0x0800254c   0x0000008c   Code   RO         3762    i.Get_SmokeValue    adc.o
    0x080025d8   0x080025d8   0x00000004   Code   RO          175    i.HardFault_Handler  stm32f10x_it.o
    0x080025dc   0x080025dc   0x00000040   Code   RO         3637    i.Key_Config        key.o
    0x0800261c   0x0800261c   0x0000006c   Code   RO         4674    i.LCD_Clear         bsp_lcd.o
    0x08002688   0x08002688   0x000001f4   Code   RO         4678    i.LCD_Display_Dir   bsp_lcd.o
    0x0800287c   0x0800287c   0x00000020   Code   RO         4682    i.LCD_Fast_DrawPoint  bsp_lcd.o
    0x0800289c   0x0800289c   0x00000036   Code   RO         4683    i.LCD_Fill          bsp_lcd.o
    0x080028d2   0x080028d2   0x00000002   PAD
    0x080028d4   0x080028d4   0x00000014   Code   RO         4685    i.LCD_RD_DATA       bsp_lcd.o
    0x080028e8   0x080028e8   0x00000016   Code   RO         4687    i.LCD_ReadReg       bsp_lcd.o
    0x080028fe   0x080028fe   0x00000002   PAD
    0x08002900   0x08002900   0x00000054   Code   RO         4688    i.LCD_SSD_BackLightSet  bsp_lcd.o
    0x08002954   0x08002954   0x000002f8   Code   RO         4689    i.LCD_Scan_Dir      bsp_lcd.o
    0x08002c4c   0x08002c4c   0x00000210   Code   RO         4690    i.LCD_SetCursor     bsp_lcd.o
    0x08002e5c   0x08002e5c   0x00000120   Code   RO         4693    i.LCD_ShowChar      bsp_lcd.o
    0x08002f7c   0x08002f7c   0x00000068   Code   RO         4695    i.LCD_ShowPicture   bsp_lcd.o
    0x08002fe4   0x08002fe4   0x00000318   Code   RO         4697    i.LCD_ShowStringAndHz  bsp_lcd.o
    0x080032fc   0x080032fc   0x00000018   Code   RO         4700    i.LCD_WR_DATA       bsp_lcd.o
    0x08003314   0x08003314   0x00000018   Code   RO         4701    i.LCD_WR_REG        bsp_lcd.o
    0x0800332c   0x0800332c   0x00000014   Code   RO         4703    i.LCD_WriteRAM_Prepare  bsp_lcd.o
    0x08003340   0x08003340   0x00000010   Code   RO         4704    i.LCD_WriteReg      bsp_lcd.o
    0x08003350   0x08003350   0x00000050   Code   RO         3612    i.Led_Config        led.o
    0x080033a0   0x080033a0   0x00000084   Code   RO         3804    i.MY1680_Init       my1680.o
    0x08003424   0x08003424   0x00000004   Code   RO          176    i.MemManage_Handler  stm32f10x_it.o
    0x08003428   0x08003428   0x00000002   Code   RO          177    i.NMI_Handler       stm32f10x_it.o
    0x0800342a   0x0800342a   0x00000002   Code   RO          178    i.PendSV_Handler    stm32f10x_it.o
    0x0800342c   0x0800342c   0x0000003a   Code   RO         3806    i.PlayMP3_42        my1680.o
    0x08003466   0x08003466   0x00000086   Code   RO         3808    i.PlayMP3_T         my1680.o
    0x080034ec   0x080034ec   0x0000008c   Code   RO         3809    i.PlayMP3_Weather1  my1680.o
    0x08003578   0x08003578   0x0000008c   Code   RO         3810    i.PlayMP3_Weather2  my1680.o
    0x08003604   0x08003604   0x0000008c   Code   RO         3811    i.PlayMP3_Weather3  my1680.o
    0x08003690   0x08003690   0x00000018   Code   RO         2049    i.RCC_ADCCLKConfig  stm32f10x_rcc.o
    0x080036a8   0x080036a8   0x00000020   Code   RO         2050    i.RCC_AHBPeriphClockCmd  stm32f10x_rcc.o
    0x080036c8   0x080036c8   0x00000020   Code   RO         2051    i.RCC_APB1PeriphClockCmd  stm32f10x_rcc.o
    0x080036e8   0x080036e8   0x00000020   Code   RO         2053    i.RCC_APB2PeriphClockCmd  stm32f10x_rcc.o
    0x08003708   0x08003708   0x000000d4   Code   RO         2061    i.RCC_GetClocksFreq  stm32f10x_rcc.o
    0x080037dc   0x080037dc   0x00000002   Code   RO          179    i.SVC_Handler       stm32f10x_it.o
    0x080037de   0x080037de   0x00000008   Code   RO          246    i.SetSysClock       system_stm32f10x.o
    0x080037e6   0x080037e6   0x00000002   PAD
    0x080037e8   0x080037e8   0x000000e0   Code   RO          247    i.SetSysClockTo72   system_stm32f10x.o
    0x080038c8   0x080038c8   0x0000003c   Code   RO         3539    i.SysTick_Handler   delay.o
    0x08003904   0x08003904   0x00000060   Code   RO          249    i.SystemInit        system_stm32f10x.o
    0x08003964   0x08003964   0x000039e0   Code   RO         4705    i.TFTLCD_Init       bsp_lcd.o
    0x08007344   0x08007344   0x00000002   Code   RO         3671    i.USART1_IRQHandler  usart1.o
    0x08007346   0x08007346   0x00000002   PAD
    0x08007348   0x08007348   0x00000090   Code   RO         3903    i.USART3_IRQHandler  esp8266.o
    0x080073d8   0x080073d8   0x00000022   Code   RO         3904    i.USART3_SendArray  esp8266.o
    0x080073fa   0x080073fa   0x00000002   PAD
    0x080073fc   0x080073fc   0x00000020   Code   RO         3905    i.USART3_SendData   esp8266.o
    0x0800741c   0x0800741c   0x00000016   Code   RO         3906    i.USART3_SendStr    esp8266.o
    0x08007432   0x08007432   0x00000002   PAD
    0x08007434   0x08007434   0x00000020   Code   RO         3813    i.USART4_SendData   my1680.o
    0x08007454   0x08007454   0x0000001e   Code   RO         3278    i.USART_ClearITPendingBit  stm32f10x_usart.o
    0x08007472   0x08007472   0x00000018   Code   RO         3281    i.USART_Cmd         stm32f10x_usart.o
    0x0800748a   0x0800748a   0x0000001a   Code   RO         3284    i.USART_GetFlagStatus  stm32f10x_usart.o
    0x080074a4   0x080074a4   0x00000054   Code   RO         3285    i.USART_GetITStatus  stm32f10x_usart.o
    0x080074f8   0x080074f8   0x0000004a   Code   RO         3287    i.USART_ITConfig    stm32f10x_usart.o
    0x08007542   0x08007542   0x00000002   PAD
    0x08007544   0x08007544   0x000000d8   Code   RO         3288    i.USART_Init        stm32f10x_usart.o
    0x0800761c   0x0800761c   0x00000008   Code   RO         3298    i.USART_SendData    stm32f10x_usart.o
    0x08007624   0x08007624   0x00000004   Code   RO          180    i.UsageFault_Handler  stm32f10x_it.o
    0x08007628   0x08007628   0x000000ec   Code   RO         3672    i.Usart_Config      usart1.o
    0x08007714   0x08007714   0x00000020   Code   RO         3674    i.Usart_SendData    usart1.o
    0x08007734   0x08007734   0x0000002c   Code   RO         3907    i.WIFI_Iinit        esp8266.o
    0x08007760   0x08007760   0x00000020   Code   RO         5189    i.__0printf         mc_w.l(printfa.o)
    0x08007780   0x08007780   0x00000028   Code   RO         5191    i.__0sprintf        mc_w.l(printfa.o)
    0x080077a8   0x080077a8   0x00000008   Code   RO         5330    i.__aeabi_errno_addr  mc_w.l(errno.o)
    0x080077b0   0x080077b0   0x0000005c   Code   RO         5221    i.__free$realloc    mc_w.l(mallocr.o)
    0x0800780c   0x0800780c   0x00000050   Code   RO         5222    i.__malloc$realloc  mc_w.l(mallocr.o)
    0x0800785c   0x0800785c   0x0000000e   Code   RO         5403    i.__scatterload_copy  mc_w.l(handlers.o)
    0x0800786a   0x0800786a   0x00000002   Code   RO         5404    i.__scatterload_null  mc_w.l(handlers.o)
    0x0800786c   0x0800786c   0x0000000e   Code   RO         5405    i.__scatterload_zeroinit  mc_w.l(handlers.o)
    0x0800787a   0x0800787a   0x00000002   PAD
    0x0800787c   0x0800787c   0x00000184   Code   RO         5196    i._fp_digits        mc_w.l(printfa.o)
    0x08007a00   0x08007a00   0x0000000e   Code   RO         5249    i._is_digit         mc_w.l(scanf_fp.o)
    0x08007a0e   0x08007a0e   0x00000002   PAD
    0x08007a10   0x08007a10   0x000006dc   Code   RO         5197    i._printf_core      mc_w.l(printfa.o)
    0x080080ec   0x080080ec   0x00000024   Code   RO         5198    i._printf_post_padding  mc_w.l(printfa.o)
    0x08008110   0x08008110   0x0000002e   Code   RO         5199    i._printf_pre_padding  mc_w.l(printfa.o)
    0x0800813e   0x0800813e   0x0000000a   Code   RO         5201    i._sputc            mc_w.l(printfa.o)
    0x08008148   0x08008148   0x00000048   Code   RO         4001    i.buffer_skip_whitespace  cjson.o
    0x08008190   0x08008190   0x00000058   Code   RO         4033    i.cJSON_Delete      cjson.o
    0x080081e8   0x080081e8   0x00000018   Code   RO         4042    i.cJSON_GetArrayItem  cjson.o
    0x08008200   0x08008200   0x00000012   Code   RO         4046    i.cJSON_GetObjectItem  cjson.o
    0x08008212   0x08008212   0x0000001a   Code   RO         4063    i.cJSON_New_Item    cjson.o
    0x0800822c   0x0800822c   0x00000010   Code   RO         4064    i.cJSON_Parse       cjson.o
    0x0800823c   0x0800823c   0x000000d4   Code   RO         4066    i.cJSON_ParseWithLengthOpts  cjson.o
    0x08008310   0x08008310   0x00000028   Code   RO         4067    i.cJSON_ParseWithOpts  cjson.o
    0x08008338   0x08008338   0x00000048   Code   RO         4082    i.case_insensitive_strcmp  cjson.o
    0x08008380   0x08008380   0x00000010   Code   RO         3675    i.fputc             usart1.o
    0x08008390   0x08008390   0x0000001e   Code   RO         4087    i.get_array_item    cjson.o
    0x080083ae   0x080083ae   0x00000004   Code   RO         4088    i.get_decimal_point  cjson.o
    0x080083b2   0x080083b2   0x00000052   Code   RO         4089    i.get_object_item   cjson.o
    0x08008404   0x08008404   0x00000050   Code   RO         5223    i.internal_alloc    mc_w.l(mallocr.o)
    0x08008454   0x08008454   0x00000284   Code   RO           13    i.main              main.o
    0x080086d8   0x080086d8   0x000000f8   Code   RO         4091    i.parse_array       cjson.o
    0x080087d0   0x080087d0   0x0000005a   Code   RO         4092    i.parse_hex4        cjson.o
    0x0800882a   0x0800882a   0x00000002   PAD
    0x0800882c   0x0800882c   0x00000138   Code   RO         4093    i.parse_number      cjson.o
    0x08008964   0x08008964   0x0000013e   Code   RO         4094    i.parse_object      cjson.o
    0x08008aa2   0x08008aa2   0x0000018c   Code   RO         4095    i.parse_string      cjson.o
    0x08008c2e   0x08008c2e   0x00000002   PAD
    0x08008c30   0x08008c30   0x0000013c   Code   RO         4096    i.parse_value       cjson.o
    0x08008d6c   0x08008d6c   0x0000006c   Code   RO         5224    i.realloc           mc_w.l(mallocr.o)
    0x08008dd8   0x08008dd8   0x000000fc   Code   RO         3540    i.showInfor         delay.o
    0x08008ed4   0x08008ed4   0x0000003c   Code   RO         4107    i.skip_utf8_bom     cjson.o
    0x08008f10   0x08008f10   0x0000001c   Code   RO         4932    i.strtod            m_ws.l(strtod.o)
    0x08008f2c   0x08008f2c   0x00000120   Code   RO         3908    i.usart3_config     esp8266.o
    0x0800904c   0x0800904c   0x0000012c   Code   RO         4110    i.utf16_literal_to_utf8  cjson.o
    0x08009178   0x08009178   0x00025800   Data   RO           14    .constdata          main.o
    0x0802e978   0x0802e978   0x00026000   Data   RO         3541    .constdata          delay.o
    0x08054978   0x08054978   0x000031ec   Data   RO         4708    .constdata          bsp_lcd.o
    0x08057b64   0x08057b64   0x00000081   Data   RO         5363    .constdata          mc_w.l(ctype_o.o)
    0x08057be5   0x08057be5   0x00000003   PAD
    0x08057be8   0x08057be8   0x00000004   Data   RO         5364    .constdata          mc_w.l(ctype_o.o)
    0x08057bec   0x08057bec   0x0000006b   Data   RO         3910    .conststring        esp8266.o
    0x08057c57   0x08057c57   0x00000001   PAD
    0x08057c58   0x08057c58   0x00000020   Data   RO         5401    Region$$Table       anon$$obj.o


    Execution Region RW_IRAM1 (Exec base: 0x20000000, Load base: 0x08057c78, Size: 0x000046d0, Max: 0x00010000, ABSOLUTE)

    Exec Addr    Load Addr    Size         Type   Attr      Idx    E Section Name        Object

    0x20000000   0x08057c78   0x00000014   Data   RW         2081    .data               stm32f10x_rcc.o
    0x20000014   0x08057c8c   0x00000010   Data   RW         3542    .data               delay.o
    0x20000024   0x08057c9c   0x00000008   Data   RW         3638    .data               key.o
    0x2000002c   0x08057ca4   0x0000000d   Data   RW         3726    .data               dht11.o
    0x20000039   0x08057cb1   0x00000001   PAD
    0x2000003a   0x08057cb2   0x00000004   Data   RW         3764    .data               adc.o
    0x2000003e   0x08057cb6   0x00000014   Data   RW         3911    .data               esp8266.o
    0x20000052   0x08057cca   0x00000002   PAD
    0x20000054   0x08057ccc   0x00000014   Data   RW         4112    .data               cjson.o
    0x20000068   0x08057ce0   0x00000004   Data   RW         4709    .data               bsp_lcd.o
    0x2000006c   0x08057ce4   0x00000004   Data   RW         5317    .data               mc_w.l(stdout.o)
    0x20000070   0x08057ce8   0x00000004   Data   RW         5328    .data               mc_w.l(mvars.o)
    0x20000074   0x08057cec   0x00000004   Data   RW         5329    .data               mc_w.l(mvars.o)
    0x20000078   0x08057cf0   0x00000004   Data   RW         5333    .data               mc_w.l(errno.o)
    0x2000007c        -       0x00000032   Zero   RW         3725    .bss                dht11.o
    0x200000ae        -       0x00000064   Zero   RW         3763    .bss                adc.o
    0x20000112        -       0x000005b0   Zero   RW         3909    .bss                esp8266.o
    0x200006c2        -       0x0000000e   Zero   RW         4707    .bss                bsp_lcd.o
    0x200006d0        -       0x00002000   Zero   RW            2    HEAP                startup_stm32f10x_hd.o
    0x200026d0        -       0x00002000   Zero   RW            1    STACK               startup_stm32f10x_hd.o


==============================================================================

Image component sizes


      Code (inc. data)   RO Data    RW Data    ZI Data      Debug   Object Name

       440         96          0          4        100       2195   adc.o
     18192        182      12780          4         14      23332   bsp_lcd.o
      2724         66          0         20          0      17998   cjson.o
       648         80     155648         16          0       3370   delay.o
       788         68          0         13         50       2167   dht11.o
      3690       1072        107         20       1456      11598   esp8266.o
       304         32          0          8          0       1171   key.o
        80          6          0          0          0        477   led.o
       644        104     153600          0          0     275102   main.o
       776         26          0          0          0       4286   my1680.o
        36          8        304          0      16384        824   startup_stm32f10x_hd.o
       394         10          0          0          0       8157   stm32f10x_adc.o
       282          6          0          0          0       1857   stm32f10x_fsmc.o
       304          0          0          0          0       3724   stm32f10x_gpio.o
        24          0          0          0          0       3348   stm32f10x_it.o
       332         44          0         20          0       5625   stm32f10x_rcc.o
       462          6          0          0          0       6355   stm32f10x_usart.o
       328         28          0          0          0       1833   system_stm32f10x.o
       286         22          0          0          0      27039   usart1.o

    ----------------------------------------------------------------------
     30760       1856     322472        108      18004     400458   Object Totals
         0          0         32          0          0          0   (incl. Generated)
        26          0          1          3          0          0   (incl. Padding)

    ----------------------------------------------------------------------

      Code (inc. data)   RO Data    RW Data    ZI Data      Debug   Library Member Name

        28          0          0          0          0         80   strtod.o
        28          0          0          0          0         68   _chval.o
        64          0          0          0          0         84   _sgetc.o
       158          0          0          0          0         92   _strtoul.o
        26          0          0          0          0         80   atoi.o
         8          4        133          0          0         68   ctype_o.o
         0          0          0          0          0          0   entry.o
         0          0          0          0          0          0   entry10a.o
         0          0          0          0          0          0   entry11a.o
         8          4          0          0          0          0   entry2.o
         4          0          0          0          0          0   entry5.o
         0          0          0          0          0          0   entry7b.o
         0          0          0          0          0          0   entry8b.o
         8          4          0          0          0          0   entry9a.o
         8          4          0          4          0         68   errno.o
        30          0          0          0          0          0   handlers.o
        36          8          0          0          0         68   init.o
        18          0          0          0          0         76   isspace_o.o
         0          0          0          0          0          0   iusefp.o
        30          0          0          0          0         68   llshl.o
        36          0          0          0          0         68   llsshr.o
        32          0          0          0          0         68   llushr.o
       360         30          0          0          0        356   mallocr.o
        36          0          0          0          0         68   memcpya.o
        36          0          0          0          0        108   memseta.o
         0          0          0          8          0          0   mvars.o
      2308         96          0          0          0        604   printfa.o
       878         12          0          0          0        216   scanf_fp.o
         0          0          0          4          0          0   stdout.o
        28          0          0          0          0         76   strcmp.o
        18          0          0          0          0         68   strcpy.o
        14          0          0          0          0         68   strlen.o
        30          0          0          0          0         80   strncmp.o
        36          0          0          0          0         80   strstr.o
       156         12          0          0          0        120   strtod.o
       112          0          0          0          0         88   strtol.o
        12          0          0          0          0         68   tolower.o
        44          0          0          0          0         80   uidiv.o
        98          0          0          0          0         92   uldiv.o
        48          0          0          0          0         68   cdcmple.o
        48          0          0          0          0         68   cdrcmple.o
        56          0          0          0          0         88   d2f.o
       334          0          0          0          0        148   dadd.o
       222          0          0          0          0        100   ddiv.o
       186          0          0          0          0        176   depilogue.o
        62          0          0          0          0         80   dfixi.o
        50          0          0          0          0         76   dfixui.o
        48          0          0          0          0         68   dfixul.o
        26          0          0          0          0         76   dfltui.o
        24          0          0          0          0         76   dfltul.o
       228          0          0          0          0         96   dmul.o
        38          0          0          0          0         68   f2d.o
       110          0          0          0          0        168   fepilogue.o

    ----------------------------------------------------------------------
      6176        174        136         16          0       4416   Library Totals
         8          0          3          0          0          0   (incl. Padding)

    ----------------------------------------------------------------------

      Code (inc. data)   RO Data    RW Data    ZI Data      Debug   Library Name

        28          0          0          0          0         80   m_ws.l
      4660        174        133         16          0       2980   mc_w.l
      1480          0          0          0          0       1356   mf_w.l

    ----------------------------------------------------------------------
      6176        174        136         16          0       4416   Library Totals

    ----------------------------------------------------------------------

==============================================================================


      Code (inc. data)   RO Data    RW Data    ZI Data      Debug   

     36936       2030     322608        124      18004     397070   Grand Totals
     36936       2030     322608        124      18004     397070   ELF Image Totals
     36936       2030     322608        124          0          0   ROM Totals

==============================================================================

    Total RO  Size (Code + RO Data)               359544 ( 351.12kB)
    Total RW  Size (RW Data + ZI Data)             18128 (  17.70kB)
    Total ROM Size (Code + RO Data + RW Data)     359668 ( 351.24kB)

==============================================================================

